Component: ARM Compiler 5.06 update 6 (build 750) Tool: armlink [4d35ed]

==============================================================================

Section Cross References

    main.o(i.main) refers to misc.o(i.NVIC_PriorityGroupConfig) for NVIC_PriorityGroupConfig
    main.o(i.main) refers to delay.o(i.delay_init) for delay_init
    main.o(i.main) refers to bsp_can1.o(i.CAN_Configure) for CAN_Configure
    main.o(i.main) refers to button.o(i.KEY_Init) for KEY_Init
    main.o(i.main) refers to tim4_buzzer.o(i.TIM4_PWM_Init) for TIM4_PWM_Init
    main.o(i.main) refers to led.o(i.LED_Init) for LED_Init
    main.o(i.main) refers to vision.o(i.vision_init) for vision_init
    main.o(i.main) refers to fire_pwm.o(i.TIM1_PWM_Init) for TIM1_PWM_Init
    main.o(i.main) refers to rc.o(i.rc_init) for rc_init
    main.o(i.main) refers to bmi088_int.o(i.bim088_spi_init) for bim088_spi_init
    main.o(i.main) refers to bmi088driver.o(i.BMI088_init) for BMI088_init
    main.o(i.main) refers to delay.o(i.delay_ms) for delay_ms
    main.o(i.main) refers to stm32f4xx_tim.o(i.TIM_SetCompare1) for TIM_SetCompare1
    main.o(i.main) refers to stm32f4xx_tim.o(i.TIM_SetCompare2) for TIM_SetCompare2
    main.o(i.main) refers to start_task.o(i.start) for start
    main.o(i.main) refers to main.o(.data) for a
    system_stm32f4xx.o(i.SystemCoreClockUpdate) refers to system_stm32f4xx.o(.data) for SystemCoreClock
    system_stm32f4xx.o(i.SystemInit) refers to system_stm32f4xx.o(i.SetSysClock) for SetSysClock
    event_groups.o(i.vEventGroupClearBitsCallback) refers to event_groups.o(i.xEventGroupClearBits) for xEventGroupClearBits
    event_groups.o(i.vEventGroupDelete) refers to tasks.o(i.vTaskSuspendAll) for vTaskSuspendAll
    event_groups.o(i.vEventGroupDelete) refers to printf3.o(i.__0printf$3) for __2printf
    event_groups.o(i.vEventGroupDelete) refers to tasks.o(i.xTaskRemoveFromUnorderedEventList) for xTaskRemoveFromUnorderedEventList
    event_groups.o(i.vEventGroupDelete) refers to heap_4.o(i.vPortFree) for vPortFree
    event_groups.o(i.vEventGroupDelete) refers to tasks.o(i.xTaskResumeAll) for xTaskResumeAll
    event_groups.o(i.vEventGroupSetBitsCallback) refers to event_groups.o(i.xEventGroupSetBits) for xEventGroupSetBits
    event_groups.o(i.xEventGroupClearBits) refers to printf3.o(i.__0printf$3) for __2printf
    event_groups.o(i.xEventGroupClearBits) refers to port.o(i.vPortEnterCritical) for vPortEnterCritical
    event_groups.o(i.xEventGroupClearBits) refers to port.o(i.vPortExitCritical) for vPortExitCritical
    event_groups.o(i.xEventGroupClearBitsFromISR) refers to timers.o(i.xTimerPendFunctionCallFromISR) for xTimerPendFunctionCallFromISR
    event_groups.o(i.xEventGroupClearBitsFromISR) refers to event_groups.o(i.vEventGroupClearBitsCallback) for vEventGroupClearBitsCallback
    event_groups.o(i.xEventGroupCreate) refers to heap_4.o(i.pvPortMalloc) for pvPortMalloc
    event_groups.o(i.xEventGroupCreate) refers to list.o(i.vListInitialise) for vListInitialise
    event_groups.o(i.xEventGroupSetBits) refers to printf3.o(i.__0printf$3) for __2printf
    event_groups.o(i.xEventGroupSetBits) refers to tasks.o(i.vTaskSuspendAll) for vTaskSuspendAll
    event_groups.o(i.xEventGroupSetBits) refers to tasks.o(i.xTaskRemoveFromUnorderedEventList) for xTaskRemoveFromUnorderedEventList
    event_groups.o(i.xEventGroupSetBits) refers to tasks.o(i.xTaskResumeAll) for xTaskResumeAll
    event_groups.o(i.xEventGroupSetBitsFromISR) refers to timers.o(i.xTimerPendFunctionCallFromISR) for xTimerPendFunctionCallFromISR
    event_groups.o(i.xEventGroupSetBitsFromISR) refers to event_groups.o(i.vEventGroupSetBitsCallback) for vEventGroupSetBitsCallback
    event_groups.o(i.xEventGroupSync) refers to printf3.o(i.__0printf$3) for __2printf
    event_groups.o(i.xEventGroupSync) refers to tasks.o(i.xTaskGetSchedulerState) for xTaskGetSchedulerState
    event_groups.o(i.xEventGroupSync) refers to tasks.o(i.vTaskSuspendAll) for vTaskSuspendAll
    event_groups.o(i.xEventGroupSync) refers to event_groups.o(i.xEventGroupSetBits) for xEventGroupSetBits
    event_groups.o(i.xEventGroupSync) refers to tasks.o(i.vTaskPlaceOnUnorderedEventList) for vTaskPlaceOnUnorderedEventList
    event_groups.o(i.xEventGroupSync) refers to tasks.o(i.xTaskResumeAll) for xTaskResumeAll
    event_groups.o(i.xEventGroupSync) refers to tasks.o(i.uxTaskResetEventItemValue) for uxTaskResetEventItemValue
    event_groups.o(i.xEventGroupSync) refers to port.o(i.vPortEnterCritical) for vPortEnterCritical
    event_groups.o(i.xEventGroupSync) refers to port.o(i.vPortExitCritical) for vPortExitCritical
    event_groups.o(i.xEventGroupWaitBits) refers to printf3.o(i.__0printf$3) for __2printf
    event_groups.o(i.xEventGroupWaitBits) refers to tasks.o(i.xTaskGetSchedulerState) for xTaskGetSchedulerState
    event_groups.o(i.xEventGroupWaitBits) refers to tasks.o(i.vTaskSuspendAll) for vTaskSuspendAll
[...]
    .bss                                     0x20005d58   Section      804  model_task.o(.bss)
    pid_6020_yaw                             0x20005d58   Data          68  model_task.o(.bss)
    pid_yaw_cirle                            0x20005d9c   Data          76  model_task.o(.bss)
    pid_6020_pitch                           0x20005de8   Data          76  model_task.o(.bss)
    pid_pitch_cirle                          0x20005e34   Data          76  model_task.o(.bss)
    task                                     0x20006050   Data          44  model_task.o(.bss)
    .bss                                     0x2000607c   Section       88  fire_task.o(.bss)
    pid_2006                                 0x2000607c   Data          76  fire_task.o(.bss)
    .bss                                     0x200060d4   Section       10  pc_task.o(.bss)
    .bss                                     0x200060e0   Section       20  bsp_can1.o(.bss)
    .bss                                     0x200060f8   Section       96  rc.o(.bss)
    .bss                                     0x20006158   Section      180  vision.o(.bss)
    RXVISION                                 0x20006158   Data          18  vision.o(.bss)
    STACK                                    0x20006210   Section     1024  startup_stm32f40_41xxx.o(STACK)

    Global Symbols

    Symbol Name                              Value     Ov Type        Size  Object(Section)

    BuildAttributes$$THM_ISAv4$E$P$D$K$B$S$7EM$VFPi3$EXTD16$VFPS$VFMA$PE$A:L22UL41UL21$X:L11$S22US41US21$IEEE1$IW$USESV6$~STKCKD$USESV7$~SHL$OTIME$ROPI$IEEEX$EBA8$MICROLIB$REQ8$PRES8$EABIv2 0x00000000   Number         0  anon$$obj.o ABSOLUTE
    __ARM_use_no_argv                        0x00000000   Number         0  main.o ABSOLUTE
    _printf_a                                0x00000000   Number         0  stubs.o ABSOLUTE
    _printf_c                                0x00000000   Number         0  stubs.o ABSOLUTE
    _printf_charcount                        0x00000000   Number         0  stubs.o ABSOLUTE
    _printf_d                                0x00000000   Number         0  stubs.o ABSOLUTE
    _printf_e                                0x00000000   Number         0  stubs.o ABSOLUTE
    _printf_f                                0x00000000   Number         0  stubs.o ABSOLUTE
    _printf_flags                            0x00000000   Number         0  stubs.o ABSOLUTE
    _printf_fp_dec                           0x00000000   Number         0  stubs.o ABSOLUTE
    _printf_fp_hex                           0x00000000   Number         0  stubs.o ABSOLUTE
    _printf_g                                0x00000000   Number         0  stubs.o ABSOLUTE
    _printf_i                                0x00000000   Number         0  stubs.o ABSOLUTE
    _printf_int_dec                          0x00000000   Number         0  stubs.o ABSOLUTE
    _printf_l                                0x00000000   Number         0  stubs.o ABSOLUTE
    _printf_lc                               0x00000000   Number         0  stubs.o ABSOLUTE
    _printf_ll                               0x00000000   Number         0  stubs.o ABSOLUTE
    _printf_lld                              0x00000000   Number         0  stubs.o ABSOLUTE
    _printf_lli                              0x00000000   Number         0  stubs.o ABSOLUTE
    _printf_llo                              0x00000000   Number         0  stubs.o ABSOLUTE
    _printf_llu                              0x00000000   Number         0  stubs.o ABSOLUTE
    _printf_llx                              0x00000000   Number         0  stubs.o ABSOLUTE
    _printf_longlong_dec                     0x00000000   Number         0  stubs.o ABSOLUTE
    _printf_longlong_hex                     0x00000000   Number         0  stubs.o ABSOLUTE
    _printf_longlong_oct                     0x00000000   Number         0  stubs.o ABSOLUTE
    _printf_ls                               0x00000000   Number         0  stubs.o ABSOLUTE
    _printf_mbtowc                           0x00000000   Number         0  stubs.o ABSOLUTE
    _printf_n                                0x00000000   Number         0  stubs.o ABSOLUTE
    _printf_o                                0x00000000   Number         0  stubs.o ABSOLUTE
    _printf_p                                0x00000000   Number         0  stubs.o ABSOLUTE
    _printf_percent                          0x00000000   Number         0  stubs.o ABSOLUTE
    _printf_pre_padding                      0x00000000   Number         0  stubs.o ABSOLUTE
    _printf_return_value                     0x00000000   Number         0  stubs.o ABSOLUTE
    _printf_s                                0x00000000   Number         0  stubs.o ABSOLUTE
    _printf_sizespec                         0x00000000   Number         0  stubs.o ABSOLUTE
    _printf_str                              0x00000000   Number         0  stubs.o ABSOLUTE
    _printf_truncate_signed                  0x00000000   Number         0  stubs.o ABSOLUTE
    _printf_truncate_unsigned                0x00000000   Number         0  stubs.o ABSOLUTE
    _printf_u                                0x00000000   Number         0  stubs.o ABSOLUTE
    _printf_wc                               0x00000000   Number         0  stubs.o ABSOLUTE
    _printf_wctomb                           0x00000000   Number         0  stubs.o ABSOLUTE
    _printf_widthprec                        0x00000000   Number         0  stubs.o ABSOLUTE
    _printf_x                                0x00000000   Number         0  stubs.o ABSOLUTE
    __cpp_initialize__aeabi_                  - Undefined Weak Reference
    __cxa_finalize                            - Undefined Weak Reference
    _clock_init                               - Undefined Weak Reference
    _microlib_exit                            - Undefined Weak Reference
    __Vectors_Size                           0x00000188   Number         0  startup_stm32f40_41xxx.o ABSOLUTE
    __Vectors                                0x08000000   Data           4  startup_stm32f40_41xxx.o(RESET)
    __Vectors_End                            0x08000188   Data           0  startup_stm32f40_41xxx.o(RESET)
    __main                                   0x08000189   Thumb Code     0  entry.o(.ARM.Collect$$$$00000000)
    _main_stk                                0x08000189   Thumb Code     0  entry2.o(.ARM.Collect$$$$00000001)
    _main_scatterload                        0x0800018d   Thumb Code     0  entry5.o(.ARM.Collect$$$$00000004)
    __main_after_scatterload                 0x08000191   Thumb Code     0  entry5.o(.ARM.Collect$$$$00000004)
    _main_clock                              0x08000191   Thumb Code     0  entry7b.o(.ARM.Collect$$$$00000008)
    _main_cpp_init                           0x08000191   Thumb Code     0  entry8b.o(.ARM.Collect$$$$0000000A)
    _main_init                               0x08000191   Thumb Code     0  entry9a.o(.ARM.Collect$$$$0000000B)
    __rt_final_cpp                           0x08000199   Thumb Code     0  entry10a.o(.ARM.Collect$$$$0000000D)
    __rt_final_exit                          0x08000199   Thumb Code     0  entry11a.o(.ARM.Collect$$$$0000000F)
    SVC_Handler                              0x0800019d   Thumb Code    28  port.o(.emb_text)
    __asm___6_port_c_39a90d8d__prvStartFirstTask 0x080001bd   Thumb Code    28  port.o(.emb_text)
    __asm___6_port_c_39a90d8d__prvEnableVFP  0x080001dd   Thumb Code    16  port.o(.emb_text)
    PendSV_Handler                           0x080001f1   Thumb Code    88  port.o(.emb_text)
    vPortGetIPSR                             0x0800024d   Thumb Code     6  port.o(.emb_text)
    Reset_Handler                            0x08000255   Thumb Code     8  startup_stm32f40_41xxx.o(.text)
    ADC_IRQHandler                           0x0800026f   Thumb Code     0  startup_stm32f40_41xxx.o(.text)
    CAN1_RX1_IRQHandler                      0x0800026f   Thumb Code     0  startup_stm32f40_41xxx.o(.text)
    CAN1_SCE_IRQHandler                      0x0800026f   Thumb Code     0  startup_stm32f40_41xxx.o(.text)
    CAN2_RX0_IRQHandler                      0x0800026f   Thumb Code     0  startup_stm32f40_41xxx.o(.text)
    CAN2_RX1_IRQHandler                      0x0800026f   Thumb Code     0  startup_stm32f40_41xxx.o(.text)
    CAN2_SCE_IRQHandler                      0x0800026f   Thumb Code     0  startup_stm32f40_41xxx.o(.text)
    CAN2_TX_IRQHandler                       0x0800026f   Thumb Code     0  startup_stm32f40_41xxx.o(.text)
    CRYP_IRQHandler                          0x0800026f   Thumb Code     0  startup_stm32f40_41xxx.o(.text)
    DCMI_IRQHandler                          0x0800026f   Thumb Code     0  startup_stm32f40_41xxx.o(.text)
    DMA1_Stream0_IRQHandler                  0x0800026f   Thumb Code     0  startup_stm32f40_41xxx.o(.text)
    DMA1_Stream2_IRQHandler                  0x0800026f   Thumb Code     0  startup_stm32f40_41xxx.o(.text)
    DMA1_Stream3_IRQHandler                  0x0800026f   Thumb Code     0  startup_stm32f40_41xxx.o(.text)
    DMA1_Stream4_IRQHandler                  0x0800026f   Thumb Code     0  startup_stm32f40_41xxx.o(.text)
    DMA1_Stream5_IRQHandler                  0x0800026f   Thumb Code     0  startup_stm32f40_41xxx.o(.text)
    DMA1_Stream6_IRQHandler                  0x0800026f   Thumb Code     0  startup_stm32f40_41xxx.o(.text)
    DMA1_Stream7_IRQHandler                  0x0800026f   Thumb Code     0  startup_stm32f40_41xxx.o(.text)
    DMA2_Stream0_IRQHandler                  0x0800026f   Thumb Code     0  startup_stm32f40_41xxx.o(.text)
    DMA2_Stream2_IRQHandler                  0x0800026f   Thumb Code     0  startup_stm32f40_41xxx.o(.text)
    DMA2_Stream3_IRQHandler                  0x0800026f   Thumb Code     0  startup_stm32f40_41xxx.o(.text)
    DMA2_Stream4_IRQHandler                  0x0800026f   Thumb Code     0  startup_stm32f40_41xxx.o(.text)
    DMA2_Stream5_IRQHandler                  0x0800026f   Thumb Code     0  startup_stm32f40_41xxx.o(.text)
    DMA2_Stream6_IRQHandler                  0x0800026f   Thumb Code     0  startup_stm32f40_41xxx.o(.text)
    DMA2_Stream7_IRQHandler                  0x0800026f   Thumb Code     0  startup_stm32f40_41xxx.o(.text)
    ETH_IRQHandler                           0x0800026f   Thumb Code     0  startup_stm32f40_41xxx.o(.text)
    ETH_WKUP_IRQHandler                      0x0800026f   Thumb Code     0  startup_stm32f40_41xxx.o(.text)
    EXTI0_IRQHandler                         0x0800026f   Thumb Code     0  startup_stm32f40_41xxx.o(.text)
    EXTI15_10_IRQHandler                     0x0800026f   Thumb Code     0  startup_stm32f40_41xxx.o(.text)
    EXTI1_IRQHandler                         0x0800026f   Thumb Code     0  startup_stm32f40_41xxx.o(.text)
    EXTI2_IRQHandler                         0x0800026f   Thumb Code     0  startup_stm32f40_41xxx.o(.text)
    EXTI3_IRQHandler                         0x0800026f   Thumb Code     0  startup_stm32f40_41xxx.o(.text)
    EXTI4_IRQHandler                         0x0800026f   Thumb Code     0  startup_stm32f40_41xxx.o(.text)
    EXTI9_5_IRQHandler                       0x0800026f   Thumb Code     0  startup_stm32f40_41xxx.o(.text)
    FLASH_IRQHandler                         0x0800026f   Thumb Code     0  startup_stm32f40_41xxx.o(.text)
    FPU_IRQHandler                           0x0800026f   Thumb Code     0  startup_stm32f40_41xxx.o(.text)
    FSMC_IRQHandler                          0x0800026f   Thumb Code     0  startup_stm32f40_41xxx.o(.text)
    HASH_RNG_IRQHandler                      0x0800026f   Thumb Code     0  startup_stm32f40_41xxx.o(.text)
    I2C1_ER_IRQHandler                       0x0800026f   Thumb Code     0  startup_stm32f40_41xxx.o(.text)
    I2C1_EV_IRQHandler                       0x0800026f   Thumb Code     0  startup_stm32f40_41xxx.o(.text)
    I2C2_ER_IRQHandler                       0x0800026f   Thumb Code     0  startup_stm32f40_41xxx.o(.text)
    I2C2_EV_IRQHandler                       0x0800026f   Thumb Code     0  startup_stm32f40_41xxx.o(.text)
    I2C3_ER_IRQHandler                       0x0800026f   Thumb Code     0  startup_stm32f40_41xxx.o(.text)
    I2C3_EV_IRQHandler                       0x0800026f   Thumb Code     0  startup_stm32f40_41xxx.o(.text)
    OTG_FS_IRQHandler                        0x0800026f   Thumb Code     0  startup_stm32f40_41xxx.o(.text)
    OTG_FS_WKUP_IRQHandler                   0x0800026f   Thumb Code     0  startup_stm32f40_41xxx.o(.text)
    OTG_HS_EP1_IN_IRQHandler                 0x0800026f   Thumb Code     0  startup_stm32f40_41xxx.o(.text)
    OTG_HS_EP1_OUT_IRQHandler                0x0800026f   Thumb Code     0  startup_stm32f40_41xxx.o(.text)
    OTG_HS_IRQHandler                        0x0800026f   Thumb Code     0  startup_stm32f40_41xxx.o(.text)
    OTG_HS_WKUP_IRQHandler                   0x0800026f   Thumb Code     0  startup_stm32f40_41xxx.o(.text)
    PVD_IRQHandler                           0x0800026f   Thumb Code     0  startup_stm32f40_41xxx.o(.text)
    RCC_IRQHandler                           0x0800026f   Thumb Code     0  startup_stm32f40_41xxx.o(.text)
    RTC_Alarm_IRQHandler                     0x0800026f   Thumb Code     0  startup_stm32f40_41xxx.o(.text)
    RTC_WKUP_IRQHandler                      0x0800026f   Thumb Code     0  startup_stm32f40_41xxx.o(.text)
    SDIO_IRQHandler                          0x0800026f   Thumb Code     0  startup_stm32f40_41xxx.o(.text)
    SPI1_IRQHandler                          0x0800026f   Thumb Code     0  startup_stm32f40_41xxx.o(.text)
    SPI2_IRQHandler                          0x0800026f   Thumb Code     0  startup_stm32f40_41xxx.o(.text)
    SPI3_IRQHandler                          0x0800026f   Thumb Code     0  startup_stm32f40_41xxx.o(.text)
    TAMP_STAMP_IRQHandler                    0x0800026f   Thumb Code     0  startup_stm32f40_41xxx.o(.text)
    TIM1_BRK_TIM9_IRQHandler                 0x0800026f   Thumb Code     0  startup_stm32f40_41xxx.o(.text)
    TIM1_CC_IRQHandler                       0x0800026f   Thumb Code     0  startup_stm32f40_41xxx.o(.text)
    TIM1_TRG_COM_TIM11_IRQHandler            0x0800026f   Thumb Code     0  startup_stm32f40_41xxx.o(.text)
    TIM1_UP_TIM10_IRQHandler                 0x0800026f   Thumb Code     0  startup_stm32f40_41xxx.o(.text)
    TIM2_IRQHandler                          0x0800026f   Thumb Code     0  startup_stm32f40_41xxx.o(.text)
    TIM3_IRQHandler                          0x0800026f   Thumb Code     0  startup_stm32f40_41xxx.o(.text)
    TIM4_IRQHandler                          0x0800026f   Thumb Code     0  startup_stm32f40_41xxx.o(.text)
    TIM5_IRQHandler                          0x0800026f   Thumb Code     0  startup_stm32f40_41xxx.o(.text)
    TIM6_DAC_IRQHandler                      0x0800026f   Thumb Code     0  startup_stm32f40_41xxx.o(.text)
    TIM7_IRQHandler                          0x0800026f   Thumb Code     0  startup_stm32f40_41xxx.o(.text)
    TIM8_BRK_TIM12_IRQHandler                0x0800026f   Thumb Code     0  startup_stm32f40_41xxx.o(.text)
    TIM8_CC_IRQHandler                       0x0800026f   Thumb Code     0  startup_stm32f40_41xxx.o(.text)
    TIM8_TRG_COM_TIM14_IRQHandler            0x0800026f   Thumb Code     0  startup_stm32f40_41xxx.o(.text)
    TIM8_UP_TIM13_IRQHandler                 0x0800026f   Thumb Code     0  startup_stm32f40_41xxx.o(.text)
    UART4_IRQHandler                         0x0800026f   Thumb Code     0  startup_stm32f40_41xxx.o(.text)
    UART5_IRQHandler                         0x0800026f   Thumb Code     0  startup_stm32f40_41xxx.o(.text)
    USART1_IRQHandler                        0x0800026f   Thumb Code     0  startup_stm32f40_41xxx.o(.text)
    USART2_IRQHandler                        0x0800026f   Thumb Code     0  startup_stm32f40_41xxx.o(.text)
    USART3_IRQHandler                        0x0800026f   Thumb Code     0  startup_stm32f40_41xxx.o(.text)
    USART6_IRQHandler                        0x0800026f   Thumb Code     0  startup_stm32f40_41xxx.o(.text)
    WWDG_IRQHandler                          0x0800026f   Thumb Code     0  startup_stm32f40_41xxx.o(.text)
    arm_mat_add_f32                          0x08000279   Thumb Code   264  arm_mat_add_f32.o(.text)
    arm_mat_init_f32                         0x08000381   Thumb Code     8  arm_mat_init_f32.o(.text)
    arm_mat_inverse_f32                      0x08000389   Thumb Code  1328  arm_mat_inverse_f32.o(.text)
    arm_mat_mult_f32                         0x080008b9   Thumb Code   312  arm_mat_mult_f32.o(.text)
    arm_mat_sub_f32                          0x080009f5   Thumb Code   264  arm_mat_sub_f32.o(.text)
    arm_mat_trans_f32                        0x08000afd   Thumb Code   276  arm_mat_trans_f32.o(.text)
    rand                                     0x08000c11   Thumb Code    20  rand.o(.text)
    srand                                    0x08000c25   Thumb Code     6  rand.o(.text)
    __aeabi_memcpy                           0x08000c35   Thumb Code    36  memcpya.o(.text)
    __aeabi_memcpy4                          0x08000c35   Thumb Code     0  memcpya.o(.text)
    __aeabi_memcpy8                          0x08000c35   Thumb Code     0  memcpya.o(.text)
    __aeabi_memset                           0x08000c59   Thumb Code    14  memseta.o(.text)
    __aeabi_memset4                          0x08000c59   Thumb Code     0  memseta.o(.text)
    __aeabi_memset8                          0x08000c59   Thumb Code     0  memseta.o(.text)
    __aeabi_memclr                           0x08000c67   Thumb Code     4  memseta.o(.text)
    __aeabi_memclr4                          0x08000c67   Thumb Code     0  memseta.o(.text)
    __aeabi_memclr8                          0x08000c67   Thumb Code     0  memseta.o(.text)
    _memset$wrapper                          0x08000c6b   Thumb Code    18  memseta.o(.text)
    __aeabi_dmul                             0x08000c7d   Thumb Code   228  dmul.o(.text)
    __aeabi_f2d                              0x08000d61   Thumb Code    38  f2d.o(.text)
    __aeabi_d2f                              0x08000d87   Thumb Code    56  d2f.o(.text)
    __aeabi_uidiv                            0x08000dbf   Thumb Code     0  uidiv.o(.text)
    __aeabi_uidivmod                         0x08000dbf   Thumb Code    44  uidiv.o(.text)
    __I$use$fp                               0x08000deb   Thumb Code     0  iusefp.o(.text)
    _float_round                             0x08000deb   Thumb Code    18  fepilogue.o(.text)
    _float_epilogue                          0x08000dfd   Thumb Code    92  fepilogue.o(.text)
    _double_round                            0x08000e59   Thumb Code    30  depilogue.o(.text)
    _double_epilogue                         0x08000e77   Thumb Code   156  depilogue.o(.text)
    __aeabi_dadd                             0x08000f13   Thumb Code   322  dadd.o(.text)
    __aeabi_dsub                             0x08001055   Thumb Code     6  dadd.o(.text)
    __aeabi_drsub                            0x0800105b   Thumb Code     6  dadd.o(.text)
    __aeabi_ddiv                             0x08001061   Thumb Code   222  ddiv.o(.text)
    _dsqrt                                   0x0800113f   Thumb Code   162  dsqrt.o(.text)
    __scatterload                            0x080011e1   Thumb Code    28  init.o(.text)
    __scatterload_rt2                        0x080011e1   Thumb Code     0  init.o(.text)
    __aeabi_llsl                             0x08001205   Thumb Code    30  llshl.o(.text)
    __semihosting_library_function           0x08001205   Thumb Code     0  semi.o(.text)
    _ll_shift_l                              0x08001205   Thumb Code     0  llshl.o(.text)
    __aeabi_llsr                             0x08001223   Thumb Code    32  llushr.o(.text)
    _ll_ushift_r                             0x08001223   Thumb Code     0  llushr.o(.text)
    __aeabi_lasr                             0x08001243   Thumb Code    36  llsshr.o(.text)
    _ll_sshift_r                             0x08001243   Thumb Code     0  llsshr.o(.text)
    __I$use$semihosting$fputc                0x08001267   Thumb Code     0  iusesemip.o(.text)
    __decompress                             0x08001267   Thumb Code     0  __dclz77c.o(.text)
    __decompress2                            0x08001267   Thumb Code    94  __dclz77c.o(.text)
    BMI088_ACCEL_NS_H                        0x080012c5   Thumb Code    14  bmi088middleware.o(i.BMI088_ACCEL_NS_H)
    BMI088_ACCEL_NS_L                        0x080012d9   Thumb Code    14  bmi088middleware.o(i.BMI088_ACCEL_NS_L)
    BMI088_GPIO_init                         0x080012ed   Thumb Code   128  bmi088middleware.o(i.BMI088_GPIO_init)
    BMI088_GYRO_NS_H                         0x08001379   Thumb Code    14  bmi088middleware.o(i.BMI088_GYRO_NS_H)
    BMI088_GYRO_NS_L                         0x0800138d   Thumb Code    14  bmi088middleware.o(i.BMI088_GYRO_NS_L)
    BMI088_com_init                          0x080013a1   Thumb Code     2  bmi088middleware.o(i.BMI088_com_init)
    BMI088_delay_ms                          0x080013a3   Thumb Code    26  bmi088middleware.o(i.BMI088_delay_ms)
    BMI088_delay_us                          0x080013bd   Thumb Code    12  bmi088middleware.o(i.BMI088_delay_us)
    BMI088_init                              0x080013c9   Thumb Code    28  bmi088driver.o(i.BMI088_init)
    BMI088_read                              0x080013e5   Thumb Code   372  bmi088driver.o(i.BMI088_read)
    BMI088_read_write_byte                   0x080015a1   Thumb Code    52  bmi088middleware.o(i.BMI088_read_write_byte)
    BusFault_Handler                         0x080015ed   Thumb Code     4  stm32f4xx_it.o(i.BusFault_Handler)
    CAN1_RX0_IRQHandler                      0x080015f1   Thumb Code    46  bsp_can1.o(i.CAN1_RX0_IRQHandler)
    CAN1_TX_IRQHandler                       0x0800162d   Thumb Code    22  bsp_can1.o(i.CAN1_TX_IRQHandler)
    CAN_ClearFlag                            0x08001649   Thumb Code    52  stm32f4xx_can.o(i.CAN_ClearFlag)
    CAN_ClearITPendingBit                    0x08001681   Thumb Code   162  stm32f4xx_can.o(i.CAN_ClearITPendingBit)
    CAN_Configure                            0x08001729   Thumb Code   260  bsp_can1.o(i.CAN_Configure)
    CAN_DeInit                               0x08001835   Thumb Code    50  stm32f4xx_can.o(i.CAN_DeInit)
    CAN_FilterInit                           0x0800186d   Thumb Code   258  stm32f4xx_can.o(i.CAN_FilterInit)
    CAN_GetITStatus                          0x08001975   Thumb Code   284  stm32f4xx_can.o(i.CAN_GetITStatus)
    CAN_ITConfig                             0x08001a95   Thumb Code    18  stm32f4xx_can.o(i.CAN_ITConfig)
    CAN_Init                                 0x08001aa7   Thumb Code   276  stm32f4xx_can.o(i.CAN_Init)
    CAN_Receive                              0x08001bbb   Thumb Code   240  stm32f4xx_can.o(i.CAN_Receive)
    CAN_StructInit                           0x08001cab   Thumb Code    32  stm32f4xx_can.o(i.CAN_StructInit)
    CAN_Transmit                             0x08001ccb   Thumb Code   294  stm32f4xx_can.o(i.CAN_Transmit)
    Calculate_Current_Value                  0x08001df1   Thumb Code   452  rm_pid.o(i.Calculate_Current_Value)
    CanReceiveMsgProcess                     0x08001fb9   Thumb Code   154  can1_receive.o(i.CanReceiveMsgProcess)
    DMA1_Stream1_IRQHandler                  0x08002075   Thumb Code   390  rc.o(i.DMA1_Stream1_IRQHandler)
    DMA2_Stream1_IRQHandler                  0x08002211   Thumb Code   400  vision.o(i.DMA2_Stream1_IRQHandler)
    DMA_ClearFlag                            0x080023d5   Thumb Code    38  stm32f4xx_dma.o(i.DMA_ClearFlag)
    DMA_ClearITPendingBit                    0x08002409   Thumb Code    38  stm32f4xx_dma.o(i.DMA_ClearITPendingBit)
    DMA_Cmd                                  0x0800243d   Thumb Code    22  stm32f4xx_dma.o(i.DMA_Cmd)
    DMA_DeInit                               0x08002455   Thumb Code   324  stm32f4xx_dma.o(i.DMA_DeInit)
    DMA_GetCmdStatus                         0x080025ad   Thumb Code    20  stm32f4xx_dma.o(i.DMA_GetCmdStatus)
    DMA_GetFlagStatus                        0x080025c1   Thumb Code    54  stm32f4xx_dma.o(i.DMA_GetFlagStatus)
    DMA_GetITStatus                          0x08002605   Thumb Code    82  stm32f4xx_dma.o(i.DMA_GetITStatus)
    DMA_ITConfig                             0x08002669   Thumb Code    58  stm32f4xx_dma.o(i.DMA_ITConfig)
    DMA_Init                                 0x080026a5   Thumb Code    82  stm32f4xx_dma.o(i.DMA_Init)
    DebugMon_Handler                         0x080026fd   Thumb Code     2  stm32f4xx_it.o(i.DebugMon_Handler)
    GIMBAL_AUTO_Mpde_Ctrl                    0x08002701   Thumb Code   506  model_task.o(i.GIMBAL_AUTO_Mpde_Ctrl)
    GPIO_Init                                0x08002955   Thumb Code   144  stm32f4xx_gpio.o(i.GPIO_Init)
    GPIO_PinAFConfig                         0x080029e5   Thumb Code    70  stm32f4xx_gpio.o(i.GPIO_PinAFConfig)
    GPIO_ReadInputDataBit                    0x08002a2b   Thumb Code    18  stm32f4xx_gpio.o(i.GPIO_ReadInputDataBit)
    GPIO_ResetBits                           0x08002a3d   Thumb Code     4  stm32f4xx_gpio.o(i.GPIO_ResetBits)
    GPIO_SetBits                             0x08002a41   Thumb Code     4  stm32f4xx_gpio.o(i.GPIO_SetBits)
    GPIO_WriteBit                            0x08002a45   Thumb Code    10  stm32f4xx_gpio.o(i.GPIO_WriteBit)
    HardFault_Handler                        0x08002a4f   Thumb Code     4  stm32f4xx_it.o(i.HardFault_Handler)
    KEY_Init                                 0x08002a55   Thumb Code    42  button.o(i.KEY_Init)
    KalmanCreate                             0x08002a85   Thumb Code    58  kalman.o(i.KalmanCreate)
    LED_Init                                 0x08002ac5   Thumb Code   136  led.o(i.LED_Init)
    MemManage_Handler                        0x08002b5d   Thumb Code     4  stm32f4xx_it.o(i.MemManage_Handler)
    NMI_Handler                              0x08002b61   Thumb Code     2  stm32f4xx_it.o(i.NMI_Handler)
    NVIC_Init                                0x08002b65   Thumb Code   106  misc.o(i.NVIC_Init)
    NVIC_PriorityGroupConfig                 0x08002bdd   Thumb Code    10  misc.o(i.NVIC_PriorityGroupConfig)
    RCC_AHB1PeriphClockCmd                   0x08002bf1   Thumb Code    26  stm32f4xx_rcc.o(i.RCC_AHB1PeriphClockCmd)
    RCC_APB1PeriphClockCmd                   0x08002c11   Thumb Code    26  stm32f4xx_rcc.o(i.RCC_APB1PeriphClockCmd)
    RCC_APB1PeriphResetCmd                   0x08002c31   Thumb Code    26  stm32f4xx_rcc.o(i.RCC_APB1PeriphResetCmd)
    RCC_APB2PeriphClockCmd                   0x08002c51   Thumb Code    26  stm32f4xx_rcc.o(i.RCC_APB2PeriphClockCmd)
    RCC_APB2PeriphResetCmd                   0x08002c71   Thumb Code    26  stm32f4xx_rcc.o(i.RCC_APB2PeriphResetCmd)
    RCC_GetClocksFreq                        0x08002c91   Thumb Code   214  stm32f4xx_rcc.o(i.RCC_GetClocksFreq)
    SPI_Cmd                                  0x08002d79   Thumb Code    24  stm32f4xx_spi.o(i.SPI_Cmd)
    SPI_I2S_GetFlagStatus                    0x08002d91   Thumb Code    18  stm32f4xx_spi.o(i.SPI_I2S_GetFlagStatus)
    SPI_I2S_ReceiveData                      0x08002da3   Thumb Code     6  stm32f4xx_spi.o(i.SPI_I2S_ReceiveData)
    SPI_I2S_SendData                         0x08002da9   Thumb Code     4  stm32f4xx_spi.o(i.SPI_I2S_SendData)
    SPI_Init                                 0x08002dad   Thumb Code    60  stm32f4xx_spi.o(i.SPI_Init)
    Set_ChassisMotor_Current                 0x08002ed5   Thumb Code    94  bsp_can1.o(i.Set_ChassisMotor_Current)
    Set_CloudMotor_Current                   0x08002f39   Thumb Code    84  bsp_can1.o(i.Set_CloudMotor_Current)
    SysTick_CLKSourceConfig                  0x08002f91   Thumb Code    40  misc.o(i.SysTick_CLKSourceConfig)
    SysTick_Handler                          0x08002fb9   Thumb Code    16  delay.o(i.SysTick_Handler)
    SystemInit                               0x08002fc9   Thumb Code    88  system_stm32f4xx.o(i.SystemInit)
    TIM1_PWM_Init                            0x08003031   Thumb Code   196  fire_pwm.o(i.TIM1_PWM_Init)
    TIM4_PWM_Init                            0x080030fd   Thumb Code   160  tim4_buzzer.o(i.TIM4_PWM_Init)
    TIM_ARRPreloadConfig                     0x080031a5   Thumb Code    24  stm32f4xx_tim.o(i.TIM_ARRPreloadConfig)
    TIM_Cmd                                  0x080031bd   Thumb Code    24  stm32f4xx_tim.o(i.TIM_Cmd)
    TIM_CtrlPWMOutputs                       0x080031d5   Thumb Code    30  stm32f4xx_tim.o(i.TIM_CtrlPWMOutputs)
    TIM_OC1Init                              0x080031f5   Thumb Code   114  stm32f4xx_tim.o(i.TIM_OC1Init)
    TIM_OC1PreloadConfig                     0x08003271   Thumb Code    18  stm32f4xx_tim.o(i.TIM_OC1PreloadConfig)
    TIM_OC2Init                              0x08003285   Thumb Code   154  stm32f4xx_tim.o(i.TIM_OC2Init)
    TIM_OC2PreloadConfig                     0x08003329   Thumb Code    26  stm32f4xx_tim.o(i.TIM_OC2PreloadConfig)
    TIM_OC3Init                              0x08003345   Thumb Code   150  stm32f4xx_tim.o(i.TIM_OC3Init)
    TIM_OC3PreloadConfig                     0x080033e5   Thumb Code    18  stm32f4xx_tim.o(i.TIM_OC3PreloadConfig)
    TIM_SetCompare1                          0x080033f7   Thumb Code     4  stm32f4xx_tim.o(i.TIM_SetCompare1)
    TIM_SetCompare2                          0x080033fb   Thumb Code     4  stm32f4xx_tim.o(i.TIM_SetCompare2)
    TIM_SetCompare3                          0x080033ff   Thumb Code     4  stm32f4xx_tim.o(i.TIM_SetCompare3)
    TIM_TimeBaseInit                         0x08003405   Thumb Code   104  stm32f4xx_tim.o(i.TIM_TimeBaseInit)
    Target_Speed_Calc                        0x08003489   Thumb Code   102  model_task.o(i.Target_Speed_Calc)
    USART_Cmd                                0x080034f9   Thumb Code    24  stm32f4xx_usart.o(i.USART_Cmd)
    USART_DMACmd                             0x08003511   Thumb Code    18  stm32f4xx_usart.o(i.USART_DMACmd)
    USART_DeInit                             0x08003525   Thumb Code   206  stm32f4xx_usart.o(i.USART_DeInit)
    USART_GetFlagStatus                      0x08003615   Thumb Code    26  stm32f4xx_usart.o(i.USART_GetFlagStatus)
    USART_Init                               0x08003631   Thumb Code   204  stm32f4xx_usart.o(i.USART_Init)
    USART_SendData                           0x08003705   Thumb Code     8  stm32f4xx_usart.o(i.USART_SendData)
    UsageFault_Handler                       0x0800370d   Thumb Code     4  stm32f4xx_it.o(i.UsageFault_Handler)
    __0printf$3                              0x08003711   Thumb Code    22  printf3.o(i.__0printf$3)
    __1printf$3                              0x08003711   Thumb Code     0  printf3.o(i.__0printf$3)
    __2printf                                0x08003711   Thumb Code     0  printf3.o(i.__0printf$3)
    __ARM_fpclassify                         0x08003731   Thumb Code    48  fpclassify.o(i.__ARM_fpclassify)
    __hardfp_asin                            0x08003761   Thumb Code   770  asin.o(i.__hardfp_asin)
    __hardfp_atan                            0x08003ac1   Thumb Code   622  atan.o(i.__hardfp_atan)
    __hardfp_atan2                           0x08003d99   Thumb Code   432  atan2.o(i.__hardfp_atan2)
    __hardfp_sqrt                            0x08003f89   Thumb Code   122  sqrt_full.o(i.__hardfp_sqrt)
    __kernel_poly                            0x08004003   Thumb Code   248  poly.o(i.__kernel_poly)
    __mathlib_dbl_infnan                     0x080040fb   Thumb Code    20  dunder.o(i.__mathlib_dbl_infnan)
    __mathlib_dbl_infnan2                    0x0800410f   Thumb Code    20  dunder.o(i.__mathlib_dbl_infnan2)
    __mathlib_dbl_invalid                    0x08004129   Thumb Code    24  dunder.o(i.__mathlib_dbl_invalid)
    __mathlib_dbl_underflow                  0x08004149   Thumb Code    24  dunder.o(i.__mathlib_dbl_underflow)
    __scatterload_copy                       0x08004169   Thumb Code    14  handlers.o(i.__scatterload_copy)
    __scatterload_null                       0x08004177   Thumb Code     2  handlers.o(i.__scatterload_null)
    __scatterload_zeroinit                   0x08004179   Thumb Code    14  handlers.o(i.__scatterload_zeroinit)
    __set_errno                              0x08004189   Thumb Code     6  errno.o(i.__set_errno)
    atan                                     0x0800434d   Thumb Code    16  atan.o(i.atan)
    bim088_spi_init                          0x0800435d   Thumb Code   256  bmi088_int.o(i.bim088_spi_init)
    bmi088_accel_init                        0x08004475   Thumb Code   290  bmi088driver.o(i.bmi088_accel_init)
    bmi088_gyro_init                         0x0800459d   Thumb Code   238  bmi088driver.o(i.bmi088_gyro_init)
    bmi_bee                                  0x08004691   Thumb Code    58  model_task.o(i.bmi_bee)
    bmi_get                                  0x080046d5   Thumb Code   222  ins_task.o(i.bmi_get)
    bmi_ins                                  0x080047b9   Thumb Code  1808  ins_task.o(i.bmi_ins)
    bmi_lowpass                              0x08004ef9   Thumb Code   116  ins_task.o(i.bmi_lowpass)
    bmi_zero_val                             0x08004f71   Thumb Code    48  ins_task.o(i.bmi_zero_val)
    button_get_task                          0x08004fa5   Thumb Code   110  button_task.o(i.button_get_task)
    can1_send                                0x0800501d   Thumb Code   514  can1_send.o(i.can1_send)
    chassis_task                             0x0800522d   Thumb Code   384  chassis_task.o(i.chassis_task)
    delay_init                               0x080053f1   Thumb Code    58  delay.o(i.delay_init)
    delay_ms                                 0x08005435   Thumb Code    60  delay.o(i.delay_ms)
    delay_us                                 0x08005475   Thumb Code    68  delay.o(i.delay_us)
    encoder0_task                            0x080054bd   Thumb Code   126  encoder_task.o(i.encoder0_task)
    fabs                                     0x08005545   Thumb Code    24  fabs.o(i.fabs)
    fire_task                                0x0800555d   Thumb Code   452  fire_task.o(i.fire_task)
    fputc                                    0x08005751   Thumb Code    18  fputc.o(i.fputc)
    getEncoderData                           0x08005765   Thumb Code   318  can1_receive.o(i.getEncoderData)
    get_encoder0_data                        0x080058ad   Thumb Code     4  encoder_task.o(i.get_encoder0_data)
    get_rc_data                              0x080058b5   Thumb Code     4  rc.o(i.get_rc_data)
    get_vision_date                          0x080058bd   Thumb Code     4  vision.o(i.get_vision_date)
    getbutton                                0x080058c5   Thumb Code     4  button_task.o(i.getbutton)
    getchassic_flag                          0x080058cd   Thumb Code     4  chassis_task.o(i.getchassic_flag)
    getfiremotorpoint                        0x080058d5   Thumb Code     4  can1_receive.o(i.getfiremotorpoint)
    getjudugementdate                        0x080058dd   Thumb Code     4  can1_receive.o(i.getjudugementdate)
    getmotosend                              0x080058e5   Thumb Code     4  chassis_task.o(i.getmotosend)
    getstandmotorpoint                       0x080058ed   Thumb Code     4  can1_receive.o(i.getstandmotorpoint)
    gettasksend                              0x080058f5   Thumb Code     4  model_task.o(i.gettasksend)
    ins_task                                 0x080058fd   Thumb Code    14  ins_task.o(i.ins_task)
    kalman_filter_calc                       0x0800590d   Thumb Code   366  kalman_filter.o(i.kalman_filter_calc)
    kalman_filter_init                       0x08005a85   Thumb Code   224  kalman_filter.o(i.kalman_filter_init)
    main                                     0x08005b65   Thumb Code   126  main.o(i.main)
    model_task                               0x08005bed   Thumb Code   552  model_task.o(i.model_task)
    mpu_get_data                             0x08005ee9   Thumb Code     4  ins_task.o(i.mpu_get_data)
    pc_task                                  0x08005ef1   Thumb Code   176  pc_task.o(i.pc_task)
    pid_incr_calc                            0x08005fb5   Thumb Code   246  rm_pid.o(i.pid_incr_calc)
    pid_incr_init                            0x080060ad   Thumb Code    70  rm_pid.o(i.pid_incr_init)
    pid_init                                 0x080060f9   Thumb Code    62  rm_pid.o(i.pid_init)
    pvPortMalloc                             0x08006c5d   Thumb Code   262  heap_4.o(i.pvPortMalloc)
    pvTaskIncrementMutexHeldCount            0x08006db1   Thumb Code    26  tasks.o(i.pvTaskIncrementMutexHeldCount)
    pxPortInitialiseStack                    0x08006dd1   Thumb Code    38  port.o(i.pxPortInitialiseStack)
    rc_init                                  0x08006dfd   Thumb Code   266  rc.o(i.rc_init)
    speed_fast                               0x08006f1d   Thumb Code    90  chassis_task.o(i.speed_fast)
    sqrt                                     0x08006f81   Thumb Code   110  sqrt_full.o(i.sqrt)
    standart_mode_rand                       0x08006ff1   Thumb Code   180  chassis_task.o(i.standart_mode_rand)
    start                                    0x080070c5   Thumb Code    28  start_task.o(i.start)
    start_task                               0x080070f5   Thumb Code   182  start_task.o(i.start_task)
    uxListRemove                             0x08007259   Thumb Code    40  list.o(i.uxListRemove)
    vListInitialise                          0x08007281   Thumb Code    26  list.o(i.vListInitialise)
    vListInitialiseItem                      0x0800729b   Thumb Code     6  list.o(i.vListInitialiseItem)
    vListInsert                              0x080072a1   Thumb Code    52  list.o(i.vListInsert)
    vListInsertEnd                           0x080072d5   Thumb Code    24  list.o(i.vListInsertEnd)
    vPortEnterCritical                       0x080072ed   Thumb Code    68  port.o(i.vPortEnterCritical)
    vPortExitCritical                        0x08007375   Thumb Code    48  port.o(i.vPortExitCritical)
    vPortFree                                0x080073e5   Thumb Code   120  heap_4.o(i.vPortFree)
    vPortSetupTimerInterrupt                 0x0800749d   Thumb Code    26  port.o(i.vPortSetupTimerInterrupt)
    vPortValidateInterruptPriority           0x080074bd   Thumb Code    86  port.o(i.vPortValidateInterruptPriority)
    vQueueAddToRegistry                      0x0800755d   Thumb Code    38  queue.o(i.vQueueAddToRegistry)
    vQueueWaitForMessageRestricted           0x08007589   Thumb Code    74  queue.o(i.vQueueWaitForMessageRestricted)
    vTaskDelay                               0x080075d5   Thumb Code    72  tasks.o(i.vTaskDelay)
    vTaskDelete                              0x08007649   Thumb Code   192  tasks.o(i.vTaskDelete)
    vTaskMissedYield                         0x08007755   Thumb Code     8  tasks.o(i.vTaskMissedYield)
    vTaskPlaceOnEventList                    0x08007761   Thumb Code    42  tasks.o(i.vTaskPlaceOnEventList)
    vTaskPlaceOnEventListRestricted          0x080077b5   Thumb Code    50  tasks.o(i.vTaskPlaceOnEventListRestricted)
    vTaskPriorityInherit                     0x08007811   Thumb Code   164  tasks.o(i.vTaskPriorityInherit)
    vTaskSetTimeOutState                     0x080078c1   Thumb Code    32  tasks.o(i.vTaskSetTimeOutState)
    vTaskStartScheduler                      0x0800790d   Thumb Code   108  tasks.o(i.vTaskStartScheduler)
    vTaskSuspendAll                          0x080079b9   Thumb Code    12  tasks.o(i.vTaskSuspendAll)
    vTaskSwitchContext                       0x080079c9   Thumb Code   110  tasks.o(i.vTaskSwitchContext)
    vis_cruise                               0x08007a71   Thumb Code   472  model_task.o(i.vis_cruise)
    vis_get                                  0x08007c7d   Thumb Code   272  model_task.o(i.vis_get)
    vision_init                              0x08007db1   Thumb Code   322  vision.o(i.vision_init)
    xPortStartScheduler                      0x08007f05   Thumb Code   258  port.o(i.xPortStartScheduler)
    xPortSysTickHandler                      0x08008061   Thumb Code    46  port.o(i.xPortSysTickHandler)
    xQueueGenericCreate                      0x08008095   Thumb Code    78  queue.o(i.xQueueGenericCreate)
    xQueueGenericReceive                     0x08008109   Thumb Code   416  queue.o(i.xQueueGenericReceive)
    xQueueGenericReset                       0x080082d1   Thumb Code   136  queue.o(i.xQueueGenericReset)
    xQueueGenericSend                        0x08008381   Thumb Code   412  queue.o(i.xQueueGenericSend)
    xQueueGenericSendFromISR                 0x08008545   Thumb Code   234  queue.o(i.xQueueGenericSendFromISR)
    xTaskCheckForTimeOut                     0x08008655   Thumb Code   116  tasks.o(i.xTaskCheckForTimeOut)
    xTaskCreate                              0x080086f5   Thumb Code    96  tasks.o(i.xTaskCreate)
    xTaskGetSchedulerState                   0x08008755   Thumb Code    24  tasks.o(i.xTaskGetSchedulerState)
    xTaskGetTickCount                        0x08008775   Thumb Code     6  tasks.o(i.xTaskGetTickCount)
    xTaskIncrementTick                       0x08008781   Thumb Code   272  tasks.o(i.xTaskIncrementTick)
    xTaskPriorityDisinherit                  0x080088e1   Thumb Code   168  tasks.o(i.xTaskPriorityDisinherit)
    xTaskRemoveFromEventList                 0x080089b9   Thumb Code   118  tasks.o(i.xTaskRemoveFromEventList)
    xTaskResumeAll                           0x08008a6d   Thumb Code   214  tasks.o(i.xTaskResumeAll)
    xTimerCreateTimerTask                    0x08008b8d   Thumb Code    56  timers.o(i.xTimerCreateTimerTask)
    xTimerGenericCommand                     0x08008c01   Thumb Code   118  timers.o(i.xTimerGenericCommand)
    __mathlib_zero                           0x08008d90   Data           8  qnan.o(.constdata)
    Region$$Table$$Base                      0x08008d98   Number         0  anon$$obj.o(Region$$Table)
    Region$$Table$$Limit                     0x08008db8   Number         0  anon$$obj.o(Region$$Table)
    a                                        0x20000000   Data           4  main.o(.data)
    SystemCoreClock                          0x20000004   Data           4  system_stm32f4xx.o(.data)
    AHBPrescTable                            0x20000008   Data          16  system_stm32f4xx.o(.data)
    pxCurrentTCB                             0x20000018   Data           4  tasks.o(.data)
    BMI088_ACCEL_SEN                         0x200000a4   Data           4  bmi088driver.o(.data)
    BMI088_GYRO_SEN                          0x200000a8   Data           4  bmi088driver.o(.data)
    matrix_value1                            0x2000011c   Data           4  kalman_filter.o(.data)
    matrix_value2                            0x20000120   Data           4  kalman_filter.o(.data)
    rand_mode                                0x2000013c   Data        1000  chassis_task.o(.data)
    jud_con_chass                            0x20000524   Data           4  chassis_task.o(.data)
    task                                     0x20000528   Data           4  chassis_task.o(.data)
    set_speed                                0x2000052c   Data           4  chassis_task.o(.data)
    real_speed                               0x20000530   Data           4  chassis_task.o(.data)
    diff_speed                               0x20000534   Data           4  chassis_task.o(.data)
    kp_pass                                  0x20000538   Data           4  chassis_task.o(.data)
    shot                                     0x2000053c   Data           4  chassis_task.o(.data)
    time                                     0x20000540   Data           4  chassis_task.o(.data)
    ccc                                      0x20000544   Data           4  chassis_task.o(.data)
    aaa                                      0x20000548   Data           4  chassis_task.o(.data)
    moto_can1                                0x20000554   Data           4  can1_send.o(.data)
    vision_time_js                           0x20000574   Data           4  model_task.o(.data)
    Vision_Time                              0x20000578   Data           8  model_task.o(.data)
    error_yaw_k                              0x20000580   Data           4  model_task.o(.data)
    error_pitch_k                            0x20000584   Data           4  model_task.o(.data)
    Vision_Angle_Speed_Yaw                   0x20000588   Data           4  model_task.o(.data)
    Vision_Angle_Speed_Pitch                 0x2000058c   Data           4  model_task.o(.data)
    yaw_kf_result                            0x20000590   Data           4  model_task.o(.data)
    pitch_kf_result                          0x20000594   Data           4  model_task.o(.data)
    pitch_kf_result_0                        0x20000598   Data           4  model_task.o(.data)
    yaw_kf_result_1                          0x2000059c   Data           4  model_task.o(.data)
    yaw_kalman_filter_para                   0x200005a0   Data         180  model_task.o(.data)
    pitch_kalman_filter_para                 0x20000654   Data         180  model_task.o(.data)
    debug_y_sk                               0x20000708   Data           4  model_task.o(.data)
    debug_y_sb_sk                            0x2000070c   Data           4  model_task.o(.data)
    debug_y_sb_brig_sk                       0x20000710   Data           4  model_task.o(.data)
    debug_p_sk                               0x20000714   Data           4  model_task.o(.data)
    debug_auto_err_y                         0x20000718   Data           4  model_task.o(.data)
    debug_auto_err_p                         0x2000071c   Data           4  model_task.o(.data)
    debug_kf_delay                           0x20000720   Data           4  model_task.o(.data)
    debug_kf_speed_yl                        0x20000724   Data           4  model_task.o(.data)
    debug_kf_speed_yl_sb                     0x20000728   Data           4  model_task.o(.data)
    debug_kf_speed_yh                        0x2000072c   Data           4  model_task.o(.data)
    debug_kf_speed_pl                        0x20000730   Data           4  model_task.o(.data)
    debug_kf_y_angcon                        0x20000734   Data           4  model_task.o(.data)
    debug_kf_p_angcon                        0x20000738   Data           4  model_task.o(.data)
    look_moto_yaw                            0x2000073c   Data           4  model_task.o(.data)
    debug_speed                              0x20000740   Data           4  model_task.o(.data)
    setspeed                                 0x20000758   Data           4  fire_task.o(.data)
    judge                                    0x20000768   Data           4  fire_task.o(.data)
    StartTask_Handler                        0x2000076c   Data           4  start_task.o(.data)
    chassisTask_Handler                      0x20000770   Data           4  start_task.o(.data)
    CAN1Task_Handler                         0x20000774   Data           4  start_task.o(.data)
    BUTTONTask_Handler                       0x20000778   Data           4  start_task.o(.data)
    ENCODERTask_Handler                      0x2000077c   Data           4  start_task.o(.data)
    MODELTask_Handler                        0x20000780   Data           4  start_task.o(.data)
    INSTask_Handler                          0x20000784   Data           4  start_task.o(.data)
    FIRETask_Handler                         0x20000788   Data           4  start_task.o(.data)
    PCTask_Handler                           0x2000078c   Data           4  start_task.o(.data)
    jud                                      0x20000790   Data           4  pc_task.o(.data)
    rx_index                                 0x20000798   Data           1  vision.o(.data)
    look_set_yaw                             0x200007a0   Data           4  vision.o(.data)
    look_set_pitch                           0x200007a4   Data           4  vision.o(.data)
    __stdout                                 0x200007ac   Data           4  stdout.o(.data)
    xQueueRegistry                           0x200007b4   Data          64  queue.o(.bss)
    bmi                                      0x20005b00   Data         124  ins_task.o(.bss)
    flag_cm1                                 0x20005bc0   Data          28  chassis_task.o(.bss)
    motor_date                               0x20005c00   Data         320  can1_receive.o(.bss)
    encoder_cm                               0x20005d40   Data          24  encoder_task.o(.bss)
    yaw_kalman_filter                        0x20005e80   Data         108  model_task.o(.bss)
    pitch_kalman_filter                      0x20005eec   Data         108  model_task.o(.bss)
    Vision_Yaw_speed_Struct                  0x20005f58   Data          28  model_task.o(.bss)
    Vision_Pitch_speed_Struct                0x20005f74   Data          28  model_task.o(.bss)
    Gimbal_Pitch_Mech_Error_Kalman           0x20005f90   Data          48  model_task.o(.bss)
    Gimbal_Pitch_Gyro_Error_Kalman           0x20005fc0   Data          48  model_task.o(.bss)
    Gimbal_Yaw_Mech_Error_Kalman             0x20005ff0   Data          48  model_task.o(.bss)
    Gimbal_Yaw_Gyro_Error_Kalman             0x20006020   Data          48  model_task.o(.bss)
    flag_                                    0x200060c8   Data          12  fire_task.o(.bss)
    USART_TX_BUF                             0x200060d4   Data          10  pc_task.o(.bss)
    rx_message                               0x200060e0   Data          20  bsp_can1.o(.bss)
    RXBuff                                   0x200060f8   Data          18  rc.o(.bss)
    rc                                       0x20006110   Data          72  rc.o(.bss)
    rx_data_buf                              0x2000616a   Data         128  vision.o(.bss)
    vis                                      0x200061ec   Data          32  vision.o(.bss)
    __initial_sp                             0x20006610   Data           0  startup_stm32f40_41xxx.o(STACK)



==============================================================================

Memory Map of the image

  Image Entry point : 0x08000255

  Load Region LR_1 (Base: 0x08000000, Size: 0x0000956c, Max: 0xffffffff, ABSOLUTE, COMPRESSED[0x00008f3c])

    Execution Region ER_RO (Exec base: 0x08000000, Load base: 0x08000000, Size: 0x00008db8, Max: 0xffffffff, ABSOLUTE)

    Exec Addr    Load Addr    Size         Type   Attr      Idx    E Section Name        Object

    0x08000000   0x08000000   0x00000188   Data   RO         6396    RESET               startup_stm32f40_41xxx.o
    0x08000188   0x08000188   0x00000000   Code   RO         8107  * .ARM.Collect$$$$00000000  mc_w.l(entry.o)
    0x08000188   0x08000188   0x00000004   Code   RO         8429    .ARM.Collect$$$$00000001  mc_w.l(entry2.o)
    0x0800018c   0x0800018c   0x00000004   Code   RO         8432    .ARM.Collect$$$$00000004  mc_w.l(entry5.o)
    0x08000190   0x08000190   0x00000000   Code   RO         8434    .ARM.Collect$$$$00000008  mc_w.l(entry7b.o)
    0x08000190   0x08000190   0x00000000   Code   RO         8436    .ARM.Collect$$$$0000000A  mc_w.l(entry8b.o)
    0x08000190   0x08000190   0x00000008   Code   RO         8437    .ARM.Collect$$$$0000000B  mc_w.l(entry9a.o)
    0x08000198   0x08000198   0x00000000   Code   RO         8439    .ARM.Collect$$$$0000000D  mc_w.l(entry10a.o)
    0x08000198   0x08000198   0x00000000   Code   RO         8441    .ARM.Collect$$$$0000000F  mc_w.l(entry11a.o)
    0x08000198   0x08000198   0x00000004   Code   RO         8430    .ARM.Collect$$$$00002712  mc_w.l(entry2.o)
    0x0800019c   0x0800019c   0x000000b6   Code   RO         1514    .emb_text           port.o
    0x08000252   0x08000252   0x00000002   PAD
    0x08000254   0x08000254   0x00000024   Code   RO         6397  * .text               startup_stm32f40_41xxx.o
    0x08000278   0x08000278   0x00000108   Code   RO         7903    .text               arm_cortexM4lf_math.lib(arm_mat_add_f32.o)
    0x08000380   0x08000380   0x00000008   Code   RO         7952    .text               arm_cortexM4lf_math.lib(arm_mat_init_f32.o)
    0x08000388   0x08000388   0x00000530   Code   RO         7976    .text               arm_cortexM4lf_math.lib(arm_mat_inverse_f32.o)
    0x080008b8   0x080008b8   0x0000013c   Code   RO         8000    .text               arm_cortexM4lf_math.lib(arm_mat_mult_f32.o)
    0x080009f4   0x080009f4   0x00000108   Code   RO         8024    .text               arm_cortexM4lf_math.lib(arm_mat_sub_f32.o)
    0x08000afc   0x08000afc   0x00000114   Code   RO         8048    .text               arm_cortexM4lf_math.lib(arm_mat_trans_f32.o)
    0x08000c10   0x08000c10   0x00000024   Code   RO         8110    .text               mc_w.l(rand.o)
    0x08000c34   0x08000c34   0x00000024   Code   RO         8113    .text               mc_w.l(memcpya.o)
    0x08000c58   0x08000c58   0x00000024   Code   RO         8115    .text               mc_w.l(memseta.o)
    0x08000c7c   0x08000c7c   0x000000e4   Code   RO         8384    .text               mf_w.l(dmul.o)
    0x08000d60   0x08000d60   0x00000026   Code   RO         8386    .text               mf_w.l(f2d.o)
    0x08000d86   0x08000d86   0x00000038   Code   RO         8388    .text               mf_w.l(d2f.o)
    0x08000dbe   0x08000dbe   0x0000002c   Code   RO         8446    .text               mc_w.l(uidiv.o)
    0x08000dea   0x08000dea   0x00000000   Code   RO         8457    .text               mc_w.l(iusefp.o)
    0x08000dea   0x08000dea   0x0000006e   Code   RO         8458    .text               mf_w.l(fepilogue.o)
    0x08000e58   0x08000e58   0x000000ba   Code   RO         8460    .text               mf_w.l(depilogue.o)
    0x08000f12   0x08000f12   0x0000014e   Code   RO         8462    .text               mf_w.l(dadd.o)
    0x08001060   0x08001060   0x000000de   Code   RO         8464    .text               mf_w.l(ddiv.o)
    0x0800113e   0x0800113e   0x000000a2   Code   RO         8468    .text               mf_w.l(dsqrt.o)
    0x080011e0   0x080011e0   0x00000024   Code   RO         8476    .text               mc_w.l(init.o)
    0x08001204   0x08001204   0x00000000   Code   RO         8478    .text               mc_w.l(semi.o)
    0x08001204   0x08001204   0x0000001e   Code   RO         8479    .text               mc_w.l(llshl.o)
    0x08001222   0x08001222   0x00000020   Code   RO         8481    .text               mc_w.l(llushr.o)
    0x08001242   0x08001242   0x00000024   Code   RO         8483    .text               mc_w.l(llsshr.o)
    0x08001266   0x08001266   0x00000000   Code   RO         8485    .text               mc_w.l(iusesemip.o)
    0x08001266   0x08001266   0x0000005e   Code   RO         8494    .text               mc_w.l(__dclz77c.o)
    0x080012c4   0x080012c4   0x00000014   Code   RO         6841    i.BMI088_ACCEL_NS_H  bmi088middleware.o
    0x080012d8   0x080012d8   0x00000014   Code   RO         6842    i.BMI088_ACCEL_NS_L  bmi088middleware.o
    0x080012ec   0x080012ec   0x0000008c   Code   RO         6843    i.BMI088_GPIO_init  bmi088middleware.o
    0x08001378   0x08001378   0x00000014   Code   RO         6844    i.BMI088_GYRO_NS_H  bmi088middleware.o
    0x0800138c   0x0800138c   0x00000014   Code   RO         6845    i.BMI088_GYRO_NS_L  bmi088middleware.o
    0x080013a0   0x080013a0   0x00000002   Code   RO         6846    i.BMI088_com_init   bmi088middleware.o
    0x080013a2   0x080013a2   0x0000001a   Code   RO         6847    i.BMI088_delay_ms   bmi088middleware.o
    0x080013bc   0x080013bc   0x0000000c   Code   RO         6848    i.BMI088_delay_us   bmi088middleware.o
    0x080013c8   0x080013c8   0x0000001c   Code   RO         6665    i.BMI088_init       bmi088driver.o
    0x080013e4   0x080013e4   0x0000017c   Code   RO         6666    i.BMI088_read       bmi088driver.o
    0x08001560   0x08001560   0x00000026   Code   RO         6667    i.BMI088_read_muli_reg  bmi088driver.o
    0x08001586   0x08001586   0x00000018   Code   RO         6668    i.BMI088_read_single_reg  bmi088driver.o
    0x0800159e   0x0800159e   0x00000002   PAD
    0x080015a0   0x080015a0   0x00000038   Code   RO         6849    i.BMI088_read_write_byte  bmi088middleware.o
    0x080015d8   0x080015d8   0x00000014   Code   RO         6669    i.BMI088_write_single_reg  bmi088driver.o
    0x080015ec   0x080015ec   0x00000004   Code   RO          265    i.BusFault_Handler  stm32f4xx_it.o
    0x080015f0   0x080015f0   0x0000003c   Code   RO         7752    i.CAN1_RX0_IRQHandler  bsp_can1.o
    0x0800162c   0x0800162c   0x0000001c   Code   RO         7753    i.CAN1_TX_IRQHandler  bsp_can1.o
    0x08001648   0x08001648   0x00000038   Code   RO         1953    i.CAN_ClearFlag     stm32f4xx_can.o
    0x08001680   0x08001680   0x000000a8   Code   RO         1954    i.CAN_ClearITPendingBit  stm32f4xx_can.o
    0x08001728   0x08001728   0x0000010c   Code   RO         7754    i.CAN_Configure     bsp_can1.o
    0x08001834   0x08001834   0x00000038   Code   RO         1956    i.CAN_DeInit        stm32f4xx_can.o
    0x0800186c   0x0800186c   0x00000108   Code   RO         1958    i.CAN_FilterInit    stm32f4xx_can.o
    0x08001974   0x08001974   0x00000120   Code   RO         1960    i.CAN_GetITStatus   stm32f4xx_can.o
    0x08001a94   0x08001a94   0x00000012   Code   RO         1964    i.CAN_ITConfig      stm32f4xx_can.o
    0x08001aa6   0x08001aa6   0x00000114   Code   RO         1965    i.CAN_Init          stm32f4xx_can.o
    0x08001bba   0x08001bba   0x000000f0   Code   RO         1968    i.CAN_Receive       stm32f4xx_can.o
    0x08001caa   0x08001caa   0x00000020   Code   RO         1971    i.CAN_StructInit    stm32f4xx_can.o
    0x08001cca   0x08001cca   0x00000126   Code   RO         1973    i.CAN_Transmit      stm32f4xx_can.o
    0x08001df0   0x08001df0   0x000001c8   Code   RO         6463    i.Calculate_Current_Value  rm_pid.o
    0x08001fb8   0x08001fb8   0x000000a8   Code   RO         7363    i.CanReceiveMsgProcess  can1_receive.o
    0x08002060   0x08002060   0x00000012   Code   RO         1976    i.CheckITStatus     stm32f4xx_can.o
    0x08002072   0x08002072   0x00000002   PAD
    0x08002074   0x08002074   0x0000019c   Code   RO         7802    i.DMA1_Stream1_IRQHandler  rc.o
    0x08002210   0x08002210   0x000001c4   Code   RO         7840    i.DMA2_Stream1_IRQHandler  vision.o
    0x080023d4   0x080023d4   0x00000034   Code   RO         2653    i.DMA_ClearFlag     stm32f4xx_dma.o
    0x08002408   0x08002408   0x00000034   Code   RO         2654    i.DMA_ClearITPendingBit  stm32f4xx_dma.o
    0x0800243c   0x0800243c   0x00000016   Code   RO         2655    i.DMA_Cmd           stm32f4xx_dma.o
    0x08002452   0x08002452   0x00000002   PAD
    0x08002454   0x08002454   0x00000158   Code   RO         2656    i.DMA_DeInit        stm32f4xx_dma.o
    0x080025ac   0x080025ac   0x00000014   Code   RO         2660    i.DMA_GetCmdStatus  stm32f4xx_dma.o
    0x080025c0   0x080025c0   0x00000044   Code   RO         2664    i.DMA_GetFlagStatus  stm32f4xx_dma.o
    0x08002604   0x08002604   0x00000064   Code   RO         2665    i.DMA_GetITStatus   stm32f4xx_dma.o
    0x08002668   0x08002668   0x0000003a   Code   RO         2666    i.DMA_ITConfig      stm32f4xx_dma.o
    0x080026a2   0x080026a2   0x00000002   PAD
    0x080026a4   0x080026a4   0x00000058   Code   RO         2667    i.DMA_Init          stm32f4xx_dma.o
    0x080026fc   0x080026fc   0x00000002   Code   RO          266    i.DebugMon_Handler  stm32f4xx_it.o
    0x080026fe   0x080026fe   0x00000002   PAD
    0x08002700   0x08002700   0x00000254   Code   RO         7521    i.GIMBAL_AUTO_Mpde_Ctrl  model_task.o
    0x08002954   0x08002954   0x00000090   Code   RO         3389    i.GPIO_Init         stm32f4xx_gpio.o
    0x080029e4   0x080029e4   0x00000046   Code   RO         3390    i.GPIO_PinAFConfig  stm32f4xx_gpio.o
    0x08002a2a   0x08002a2a   0x00000012   Code   RO         3393    i.GPIO_ReadInputDataBit  stm32f4xx_gpio.o
    0x08002a3c   0x08002a3c   0x00000004   Code   RO         3396    i.GPIO_ResetBits    stm32f4xx_gpio.o
    0x08002a40   0x08002a40   0x00000004   Code   RO         3397    i.GPIO_SetBits      stm32f4xx_gpio.o
    0x08002a44   0x08002a44   0x0000000a   Code   RO         3401    i.GPIO_WriteBit     stm32f4xx_gpio.o
    0x08002a4e   0x08002a4e   0x00000004   Code   RO          267    i.HardFault_Handler  stm32f4xx_it.o
    0x08002a52   0x08002a52   0x00000002   PAD
    0x08002a54   0x08002a54   0x00000030   Code   RO         6403    i.KEY_Init          button.o
    0x08002a84   0x08002a84   0x00000040   Code   RO         7079    i.KalmanCreate      kalman.o
    0x08002ac4   0x08002ac4   0x00000098   Code   RO         6642    i.LED_Init          led.o
    0x08002b5c   0x08002b5c   0x00000004   Code   RO          268    i.MemManage_Handler  stm32f4xx_it.o
    0x08002b60   0x08002b60   0x00000002   Code   RO          269    i.NMI_Handler       stm32f4xx_it.o
    0x08002b62   0x08002b62   0x00000002   PAD
    0x08002b64   0x08002b64   0x00000078   Code   RO         1666    i.NVIC_Init         misc.o
    0x08002bdc   0x08002bdc   0x00000014   Code   RO         1667    i.NVIC_PriorityGroupConfig  misc.o
    0x08002bf0   0x08002bf0   0x00000020   Code   RO         4253    i.RCC_AHB1PeriphClockCmd  stm32f4xx_rcc.o
    0x08002c10   0x08002c10   0x00000020   Code   RO         4262    i.RCC_APB1PeriphClockCmd  stm32f4xx_rcc.o
    0x08002c30   0x08002c30   0x00000020   Code   RO         4264    i.RCC_APB1PeriphResetCmd  stm32f4xx_rcc.o
    0x08002c50   0x08002c50   0x00000020   Code   RO         4265    i.RCC_APB2PeriphClockCmd  stm32f4xx_rcc.o
    0x08002c70   0x08002c70   0x00000020   Code   RO         4267    i.RCC_APB2PeriphResetCmd  stm32f4xx_rcc.o
    0x08002c90   0x08002c90   0x000000e8   Code   RO         4274    i.RCC_GetClocksFreq  stm32f4xx_rcc.o
    0x08002d78   0x08002d78   0x00000018   Code   RO         5370    i.SPI_Cmd           stm32f4xx_spi.o
    0x08002d90   0x08002d90   0x00000012   Code   RO         5378    i.SPI_I2S_GetFlagStatus  stm32f4xx_spi.o
    0x08002da2   0x08002da2   0x00000006   Code   RO         5381    i.SPI_I2S_ReceiveData  stm32f4xx_spi.o
    0x08002da8   0x08002da8   0x00000004   Code   RO         5382    i.SPI_I2S_SendData  stm32f4xx_spi.o
    0x08002dac   0x08002dac   0x0000003c   Code   RO         5383    i.SPI_Init          stm32f4xx_spi.o
    0x08002de8   0x08002de8   0x000000ec   Code   RO          419    i.SetSysClock       system_stm32f4xx.o
    0x08002ed4   0x08002ed4   0x00000064   Code   RO         7755    i.Set_ChassisMotor_Current  bsp_can1.o
    0x08002f38   0x08002f38   0x00000058   Code   RO         7756    i.Set_CloudMotor_Current  bsp_can1.o
    0x08002f90   0x08002f90   0x00000028   Code   RO         1670    i.SysTick_CLKSourceConfig  misc.o
    0x08002fb8   0x08002fb8   0x00000010   Code   RO         1599    i.SysTick_Handler   delay.o
    0x08002fc8   0x08002fc8   0x00000068   Code   RO          421    i.SystemInit        system_stm32f4xx.o
    0x08003030   0x08003030   0x000000cc   Code   RO         7879    i.TIM1_PWM_Init     fire_pwm.o
    0x080030fc   0x080030fc   0x000000a8   Code   RO         6619    i.TIM4_PWM_Init     tim4_buzzer.o
    0x080031a4   0x080031a4   0x00000018   Code   RO         5588    i.TIM_ARRPreloadConfig  stm32f4xx_tim.o
    0x080031bc   0x080031bc   0x00000018   Code   RO         5600    i.TIM_Cmd           stm32f4xx_tim.o
    0x080031d4   0x080031d4   0x0000001e   Code   RO         5602    i.TIM_CtrlPWMOutputs  stm32f4xx_tim.o
    0x080031f2   0x080031f2   0x00000002   PAD
    0x080031f4   0x080031f4   0x0000007c   Code   RO         5629    i.TIM_OC1Init       stm32f4xx_tim.o
    0x08003270   0x08003270   0x00000012   Code   RO         5632    i.TIM_OC1PreloadConfig  stm32f4xx_tim.o
    0x08003282   0x08003282   0x00000002   PAD
    0x08003284   0x08003284   0x000000a4   Code   RO         5634    i.TIM_OC2Init       stm32f4xx_tim.o
    0x08003328   0x08003328   0x0000001a   Code   RO         5637    i.TIM_OC2PreloadConfig  stm32f4xx_tim.o
    0x08003342   0x08003342   0x00000002   PAD
    0x08003344   0x08003344   0x000000a0   Code   RO         5639    i.TIM_OC3Init       stm32f4xx_tim.o
    0x080033e4   0x080033e4   0x00000012   Code   RO         5642    i.TIM_OC3PreloadConfig  stm32f4xx_tim.o
    0x080033f6   0x080033f6   0x00000004   Code   RO         5662    i.TIM_SetCompare1   stm32f4xx_tim.o
    0x080033fa   0x080033fa   0x00000004   Code   RO         5663    i.TIM_SetCompare2   stm32f4xx_tim.o
    0x080033fe   0x080033fe   0x00000004   Code   RO         5664    i.TIM_SetCompare3   stm32f4xx_tim.o
    0x08003402   0x08003402   0x00000002   PAD
    0x08003404   0x08003404   0x00000084   Code   RO         5672    i.TIM_TimeBaseInit  stm32f4xx_tim.o
    0x08003488   0x08003488   0x00000070   Code   RO         7522    i.Target_Speed_Calc  model_task.o
    0x080034f8   0x080034f8   0x00000018   Code   RO         6150    i.USART_Cmd         stm32f4xx_usart.o
    0x08003510   0x08003510   0x00000012   Code   RO         6151    i.USART_DMACmd      stm32f4xx_usart.o
    0x08003522   0x08003522   0x00000002   PAD
    0x08003524   0x08003524   0x000000f0   Code   RO         6152    i.USART_DeInit      stm32f4xx_usart.o
    0x08003614   0x08003614   0x0000001a   Code   RO         6153    i.USART_GetFlagStatus  stm32f4xx_usart.o
    0x0800362e   0x0800362e   0x00000002   PAD
    0x08003630   0x08003630   0x000000d4   Code   RO         6157    i.USART_Init        stm32f4xx_usart.o
    0x08003704   0x08003704   0x00000008   Code   RO         6167    i.USART_SendData    stm32f4xx_usart.o
    0x0800370c   0x0800370c   0x00000004   Code   RO          270    i.UsageFault_Handler  stm32f4xx_it.o
    0x08003710   0x08003710   0x00000020   Code   RO         8212    i.__0printf$3       mc_w.l(printf3.o)
    0x08003730   0x08003730   0x00000030   Code   RO         8424    i.__ARM_fpclassify  m_wm.l(fpclassify.o)
    0x08003760   0x08003760   0x00000360   Code   RO         8069    i.__hardfp_asin     m_wm.l(asin.o)
    0x08003ac0   0x08003ac0   0x000002d8   Code   RO         8390    i.__hardfp_atan     m_wm.l(atan.o)
    0x08003d98   0x08003d98   0x000001f0   Code   RO         8083    i.__hardfp_atan2    m_wm.l(atan2.o)
    0x08003f88   0x08003f88   0x0000007a   Code   RO         8095    i.__hardfp_sqrt     m_wm.l(sqrt_full.o)
    0x08004002   0x08004002   0x000000f8   Code   RO         8426    i.__kernel_poly     m_wm.l(poly.o)
    0x080040fa   0x080040fa   0x00000014   Code   RO         8405    i.__mathlib_dbl_infnan  m_wm.l(dunder.o)
    0x0800410e   0x0800410e   0x00000014   Code   RO         8406    i.__mathlib_dbl_infnan2  m_wm.l(dunder.o)
    0x08004122   0x08004122   0x00000006   PAD
    0x08004128   0x08004128   0x00000020   Code   RO         8407    i.__mathlib_dbl_invalid  m_wm.l(dunder.o)
    0x08004148   0x08004148   0x00000020   Code   RO         8410    i.__mathlib_dbl_underflow  m_wm.l(dunder.o)
    0x08004168   0x08004168   0x0000000e   Code   RO         8488    i.__scatterload_copy  mc_w.l(handlers.o)
    0x08004176   0x08004176   0x00000002   Code   RO         8489    i.__scatterload_null  mc_w.l(handlers.o)
    0x08004178   0x08004178   0x0000000e   Code   RO         8490    i.__scatterload_zeroinit  mc_w.l(handlers.o)
    0x08004186   0x08004186   0x00000002   PAD
    0x08004188   0x08004188   0x0000000c   Code   RO         8452    i.__set_errno       mc_w.l(errno.o)
    0x08004194   0x08004194   0x000001b8   Code   RO         8219    i._printf_core      mc_w.l(printf3.o)
    0x0800434c   0x0800434c   0x00000010   Code   RO         8392    i.atan              m_wm.l(atan.o)
    0x0800435c   0x0800435c   0x00000118   Code   RO         6426    i.bim088_spi_init   bmi088_int.o
    0x08004474   0x08004474   0x00000128   Code   RO         6670    i.bmi088_accel_init  bmi088driver.o
    0x0800459c   0x0800459c   0x000000f4   Code   RO         6671    i.bmi088_gyro_init  bmi088driver.o
    0x08004690   0x08004690   0x00000044   Code   RO         7523    i.bmi_bee           model_task.o
    0x080046d4   0x080046d4   0x000000e4   Code   RO         6983    i.bmi_get           ins_task.o
    0x080047b8   0x080047b8   0x00000740   Code   RO         6984    i.bmi_ins           ins_task.o
    0x08004ef8   0x08004ef8   0x00000078   Code   RO         6985    i.bmi_lowpass       ins_task.o
    0x08004f70   0x08004f70   0x00000034   Code   RO         6986    i.bmi_zero_val      ins_task.o
    0x08004fa4   0x08004fa4   0x00000078   Code   RO         7461    i.button_get_task   button_task.o
    0x0800501c   0x0800501c   0x00000210   Code   RO         7429    i.can1_send         can1_send.o
    0x0800522c   0x0800522c   0x000001c4   Code   RO         7102    i.chassis_task      chassis_task.o
    0x080053f0   0x080053f0   0x00000044   Code   RO         1600    i.delay_init        delay.o
    0x08005434   0x08005434   0x00000040   Code   RO         1601    i.delay_ms          delay.o
    0x08005474   0x08005474   0x00000048   Code   RO         1602    i.delay_us          delay.o
    0x080054bc   0x080054bc   0x00000088   Code   RO         7492    i.encoder0_task     encoder_task.o
    0x08005544   0x08005544   0x00000018   Code   RO         8420    i.fabs              m_wm.l(fabs.o)
    0x0800555c   0x0800555c   0x000001f4   Code   RO         7669    i.fire_task         fire_task.o
    0x08005750   0x08005750   0x00000012   Code   RO         8443    i.fputc             mc_w.l(fputc.o)
    0x08005762   0x08005762   0x00000002   PAD
    0x08005764   0x08005764   0x00000148   Code   RO         7366    i.getEncoderData    can1_receive.o
    0x080058ac   0x080058ac   0x00000008   Code   RO         7493    i.get_encoder0_data  encoder_task.o
    0x080058b4   0x080058b4   0x00000008   Code   RO         7803    i.get_rc_data       rc.o
    0x080058bc   0x080058bc   0x00000008   Code   RO         7841    i.get_vision_date   vision.o
    0x080058c4   0x080058c4   0x00000008   Code   RO         7462    i.getbutton         button_task.o
    0x080058cc   0x080058cc   0x00000008   Code   RO         7104    i.getchassic_flag   chassis_task.o
    0x080058d4   0x080058d4   0x00000008   Code   RO         7367    i.getfiremotorpoint  can1_receive.o
    0x080058dc   0x080058dc   0x00000008   Code   RO         7368    i.getjudugementdate  can1_receive.o
    0x080058e4   0x080058e4   0x00000008   Code   RO         7105    i.getmotosend       chassis_task.o
    0x080058ec   0x080058ec   0x00000008   Code   RO         7369    i.getstandmotorpoint  can1_receive.o
    0x080058f4   0x080058f4   0x00000008   Code   RO         7524    i.gettasksend       model_task.o
    0x080058fc   0x080058fc   0x0000000e   Code   RO         6987    i.ins_task          ins_task.o
    0x0800590a   0x0800590a   0x00000002   PAD
    0x0800590c   0x0800590c   0x00000178   Code   RO         7037    i.kalman_filter_calc  kalman_filter.o
    0x08005a84   0x08005a84   0x000000e0   Code   RO         7038    i.kalman_filter_init  kalman_filter.o
    0x08005b64   0x08005b64   0x00000088   Code   RO            3    i.main              main.o
    0x08005bec   0x08005bec   0x000002fc   Code   RO         7525    i.model_task        model_task.o
    0x08005ee8   0x08005ee8   0x00000008   Code   RO         6988    i.mpu_get_data      ins_task.o
    0x08005ef0   0x08005ef0   0x000000c4   Code   RO         7725    i.pc_task           pc_task.o
    0x08005fb4   0x08005fb4   0x000000f6   Code   RO         6465    i.pid_incr_calc     rm_pid.o
    0x080060aa   0x080060aa   0x00000002   PAD
    0x080060ac   0x080060ac   0x0000004c   Code   RO         6466    i.pid_incr_init     rm_pid.o
    0x080060f8   0x080060f8   0x00000044   Code   RO         6467    i.pid_init          rm_pid.o
    0x0800613c   0x0800613c   0x00000028   Code   RO         6468    i.pid_reset         rm_pid.o
    0x08006164   0x08006164   0x00000098   Code   RO          951    i.prvAddCurrentTaskToDelayedList  tasks.o
    0x080061fc   0x080061fc   0x000000b8   Code   RO          952    i.prvAddNewTaskToReadyList  tasks.o
    0x080062b4   0x080062b4   0x00000064   Code   RO         1319    i.prvCheckForValidListAndQueue  timers.o
    0x08006318   0x08006318   0x00000064   Code   RO          953    i.prvCheckTasksWaitingTermination  tasks.o
    0x0800637c   0x0800637c   0x0000002a   Code   RO          707    i.prvCopyDataFromQueue  queue.o
    0x080063a6   0x080063a6   0x0000007c   Code   RO          708    i.prvCopyDataToQueue  queue.o
    0x08006422   0x08006422   0x00000012   Code   RO          954    i.prvDeleteTCB      tasks.o
    0x08006434   0x08006434   0x00000028   Code   RO         1320    i.prvGetNextExpireTime  timers.o
    0x0800645c   0x0800645c   0x0000007c   Code   RO         1457    i.prvHeapInit       heap_4.o
    0x080064d8   0x080064d8   0x00000028   Code   RO          955    i.prvIdleTask       tasks.o
    0x08006500   0x08006500   0x0000002e   Code   RO          710    i.prvInitialiseNewQueue  queue.o
    0x0800652e   0x0800652e   0x00000002   PAD
    0x08006530   0x08006530   0x000000d0   Code   RO          956    i.prvInitialiseNewTask  tasks.o
    0x08006600   0x08006600   0x00000068   Code   RO          957    i.prvInitialiseTaskLists  tasks.o
    0x08006668   0x08006668   0x00000068   Code   RO         1458    i.prvInsertBlockIntoFreeList  heap_4.o
    0x080066d0   0x080066d0   0x00000058   Code   RO         1322    i.prvInsertTimerInActiveList  timers.o
    0x08006728   0x08006728   0x0000001a   Code   RO          711    i.prvIsQueueEmpty   queue.o
    0x08006742   0x08006742   0x0000001e   Code   RO          712    i.prvIsQueueFull    queue.o
    0x08006760   0x08006760   0x000000a0   Code   RO          713    i.prvNotifyQueueSetContainer  queue.o
    0x08006800   0x08006800   0x00000080   Code   RO         1323    i.prvProcessExpiredTimer  timers.o
    0x08006880   0x08006880   0x0000012c   Code   RO         1324    i.prvProcessReceivedCommands  timers.o
    0x080069ac   0x080069ac   0x00000074   Code   RO         1325    i.prvProcessTimerOrBlockTask  timers.o
    0x08006a20   0x08006a20   0x00000034   Code   RO          959    i.prvResetNextTaskUnblockTime  tasks.o
    0x08006a54   0x08006a54   0x0000002c   Code   RO         1326    i.prvSampleTimeNow  timers.o
    0x08006a80   0x08006a80   0x000000bc   Code   RO         1327    i.prvSwitchTimerLists  timers.o
    0x08006b3c   0x08006b3c   0x00000074   Code   RO         1515    i.prvTaskExitError  port.o
    0x08006bb0   0x08006bb0   0x0000001a   Code   RO         1328    i.prvTimerTask      timers.o
    0x08006bca   0x08006bca   0x00000092   Code   RO          714    i.prvUnlockQueue    queue.o
    0x08006c5c   0x08006c5c   0x00000154   Code   RO         1459    i.pvPortMalloc      heap_4.o
    0x08006db0   0x08006db0   0x00000020   Code   RO          963    i.pvTaskIncrementMutexHeldCount  tasks.o
    0x08006dd0   0x08006dd0   0x0000002c   Code   RO         1516    i.pxPortInitialiseStack  port.o
    0x08006dfc   0x08006dfc   0x00000120   Code   RO         7804    i.rc_init           rc.o
    0x08006f1c   0x08006f1c   0x00000064   Code   RO         7107    i.speed_fast        chassis_task.o
    0x08006f80   0x08006f80   0x0000006e   Code   RO         8097    i.sqrt              m_wm.l(sqrt_full.o)
    0x08006fee   0x08006fee   0x00000002   PAD
    0x08006ff0   0x08006ff0   0x000000d4   Code   RO         7109    i.standart_mode_rand  chassis_task.o
    0x080070c4   0x080070c4   0x00000030   Code   RO         7696    i.start             start_task.o
    0x080070f4   0x080070f4   0x00000164   Code   RO         7697    i.start_task        start_task.o
    0x08007258   0x08007258   0x00000028   Code   RO          662    i.uxListRemove      list.o
    0x08007280   0x08007280   0x0000001a   Code   RO          663    i.vListInitialise   list.o
    0x0800729a   0x0800729a   0x00000006   Code   RO          664    i.vListInitialiseItem  list.o
    0x080072a0   0x080072a0   0x00000034   Code   RO          665    i.vListInsert       list.o
    0x080072d4   0x080072d4   0x00000018   Code   RO          666    i.vListInsertEnd    list.o
    0x080072ec   0x080072ec   0x00000088   Code   RO         1518    i.vPortEnterCritical  port.o
    0x08007374   0x08007374   0x00000070   Code   RO         1519    i.vPortExitCritical  port.o
    0x080073e4   0x080073e4   0x000000b8   Code   RO         1460    i.vPortFree         heap_4.o
    0x0800749c   0x0800749c   0x00000020   Code   RO         1520    i.vPortSetupTimerInterrupt  port.o
    0x080074bc   0x080074bc   0x000000a0   Code   RO         1521    i.vPortValidateInterruptPriority  port.o
    0x0800755c   0x0800755c   0x0000002c   Code   RO          720    i.vQueueAddToRegistry  queue.o
    0x08007588   0x08007588   0x0000004a   Code   RO          724    i.vQueueWaitForMessageRestricted  queue.o
    0x080075d2   0x080075d2   0x00000002   PAD
    0x080075d4   0x080075d4   0x00000074   Code   RO          971    i.vTaskDelay        tasks.o
    0x08007648   0x08007648   0x0000010c   Code   RO          973    i.vTaskDelete       tasks.o
    0x08007754   0x08007754   0x0000000c   Code   RO          977    i.vTaskMissedYield  tasks.o
    0x08007760   0x08007760   0x00000054   Code   RO          979    i.vTaskPlaceOnEventList  tasks.o
    0x080077b4   0x080077b4   0x0000005c   Code   RO          980    i.vTaskPlaceOnEventListRestricted  tasks.o
    0x08007810   0x08007810   0x000000b0   Code   RO          982    i.vTaskPriorityInherit  tasks.o
    0x080078c0   0x080078c0   0x0000004c   Code   RO          986    i.vTaskSetTimeOutState  tasks.o
    0x0800790c   0x0800790c   0x000000ac   Code   RO          987    i.vTaskStartScheduler  tasks.o
    0x080079b8   0x080079b8   0x00000010   Code   RO          989    i.vTaskSuspendAll   tasks.o
    0x080079c8   0x080079c8   0x000000a8   Code   RO          990    i.vTaskSwitchContext  tasks.o
    0x08007a70   0x08007a70   0x0000020c   Code   RO         7526    i.vis_cruise        model_task.o
    0x08007c7c   0x08007c7c   0x00000134   Code   RO         7527    i.vis_get           model_task.o
    0x08007db0   0x08007db0   0x00000154   Code   RO         7842    i.vision_init       vision.o
    0x08007f04   0x08007f04   0x0000015c   Code   RO         1522    i.xPortStartScheduler  port.o
    0x08008060   0x08008060   0x00000034   Code   RO         1523    i.xPortSysTickHandler  port.o
    0x08008094   0x08008094   0x00000074   Code   RO          729    i.xQueueGenericCreate  queue.o
    0x08008108   0x08008108   0x000001c8   Code   RO          730    i.xQueueGenericReceive  queue.o
    0x080082d0   0x080082d0   0x000000b0   Code   RO          731    i.xQueueGenericReset  queue.o
    0x08008380   0x08008380   0x000001c4   Code   RO          732    i.xQueueGenericSend  queue.o
    0x08008544   0x08008544   0x00000110   Code   RO          733    i.xQueueGenericSendFromISR  queue.o
    0x08008654   0x08008654   0x000000a0   Code   RO          991    i.xTaskCheckForTimeOut  tasks.o
    0x080086f4   0x080086f4   0x00000060   Code   RO          992    i.xTaskCreate       tasks.o
    0x08008754   0x08008754   0x00000020   Code   RO          996    i.xTaskGetSchedulerState  tasks.o
    0x08008774   0x08008774   0x0000000c   Code   RO          997    i.xTaskGetTickCount  tasks.o
    0x08008780   0x08008780   0x00000160   Code   RO          999    i.xTaskIncrementTick  tasks.o
    0x080088e0   0x080088e0   0x000000d8   Code   RO         1002    i.xTaskPriorityDisinherit  tasks.o
    0x080089b8   0x080089b8   0x000000b4   Code   RO         1003    i.xTaskRemoveFromEventList  tasks.o
    0x08008a6c   0x08008a6c   0x00000120   Code   RO         1005    i.xTaskResumeAll    tasks.o
    0x08008b8c   0x08008b8c   0x00000074   Code   RO         1332    i.xTimerCreateTimerTask  timers.o
    0x08008c00   0x08008c00   0x000000a4   Code   RO         1333    i.xTimerGenericCommand  timers.o
    0x08008ca4   0x08008ca4   0x00000004   PAD
    0x08008ca8   0x08008ca8   0x00000050   Data   RO         8072    .constdata          m_wm.l(asin.o)
    0x08008cf8   0x08008cf8   0x00000098   Data   RO         8393    .constdata          m_wm.l(atan.o)
    0x08008d90   0x08008d90   0x00000008   Data   RO         8428    .constdata          m_wm.l(qnan.o)
    0x08008d98   0x08008d98   0x00000020   Data   RO         8486    Region$$Table       anon$$obj.o


    Execution Region ER_RW (Exec base: 0x20000000, Load base: 0x08008db8, Size: 0x000007b4, Max: 0xffffffff, ABSOLUTE, COMPRESSED[0x00000184])

    Exec Addr    Load Addr    Size         Type   Attr      Idx    E Section Name        Object

    0x20000000   COMPRESSED   0x00000004   Data   RW            4    .data               main.o
    0x20000004   COMPRESSED   0x00000014   Data   RW          422    .data               system_stm32f4xx.o
    0x20000018   COMPRESSED   0x0000003c   Data   RW         1008    .data               tasks.o
    0x20000054   COMPRESSED   0x00000014   Data   RW         1341    .data               timers.o
    0x20000068   COMPRESSED   0x00000018   Data   RW         1465    .data               heap_4.o
    0x20000080   COMPRESSED   0x0000000c   Data   RW         1524    .data               port.o
    0x2000008c   COMPRESSED   0x00000004   Data   RW         1604    .data               delay.o
    0x20000090   COMPRESSED   0x00000010   Data   RW         4306    .data               stm32f4xx_rcc.o
    0x200000a0   COMPRESSED   0x00000004   Data   RW         6427    .data               bmi088_int.o
    0x200000a4   COMPRESSED   0x0000002c   Data   RW         6672    .data               bmi088driver.o
    0x200000d0   COMPRESSED   0x0000004c   Data   RW         6990    .data               ins_task.o
    0x2000011c   COMPRESSED   0x00000008   Data   RW         7039    .data               kalman_filter.o
    0x20000124   COMPRESSED   0x0000042c   Data   RW         7111    .data               chassis_task.o
    0x20000550   COMPRESSED   0x00000004   Data   RW         7371    .data               can1_receive.o
    0x20000554   COMPRESSED   0x00000008   Data   RW         7430    .data               can1_send.o
    0x2000055c   COMPRESSED   0x00000008   Data   RW         7463    .data               button_task.o
    0x20000564   COMPRESSED   0x000001f0   Data   RW         7529    .data               model_task.o
    0x20000754   COMPRESSED   0x00000018   Data   RW         7671    .data               fire_task.o
    0x2000076c   COMPRESSED   0x00000024   Data   RW         7698    .data               start_task.o
    0x20000790   COMPRESSED   0x00000008   Data   RW         7727    .data               pc_task.o
    0x20000798   COMPRESSED   0x00000010   Data   RW         7844    .data               vision.o
    0x200007a8   COMPRESSED   0x00000004   Data   RW         8111    .data               mc_w.l(rand.o)
    0x200007ac   COMPRESSED   0x00000004   Data   RW         8445    .data               mc_w.l(stdout.o)
    0x200007b0   COMPRESSED   0x00000004   Data   RW         8453    .data               mc_w.l(errno.o)


    Execution Region ER_ZI (Exec base: 0x200007b4, Load base: 0x08008f3c, Size: 0x00005e5c, Max: 0xffffffff, ABSOLUTE)

    Exec Addr    Load Addr    Size         Type   Attr      Idx    E Section Name        Object

    0x200007b4        -       0x00000040   Zero   RW          744    .bss                queue.o
    0x200007f4        -       0x000002e4   Zero   RW         1007    .bss                tasks.o
    0x20000ad8        -       0x00000028   Zero   RW         1340    .bss                timers.o
    0x20000b00        -       0x00005000   Zero   RW         1464    .bss                heap_4.o
    0x20005b00        -       0x0000007c   Zero   RW         6989    .bss                ins_task.o
    0x20005b7c        -       0x00000078   Zero   RW         7110    .bss                chassis_task.o
    0x20005bf4        -       0x0000014c   Zero   RW         7370    .bss                can1_receive.o
    0x20005d40        -       0x00000018   Zero   RW         7494    .bss                encoder_task.o
    0x20005d58        -       0x00000324   Zero   RW         7528    .bss                model_task.o
    0x2000607c        -       0x00000058   Zero   RW         7670    .bss                fire_task.o
    0x200060d4        -       0x0000000a   Zero   RW         7726    .bss                pc_task.o
    0x200060de   0x08008f3c   0x00000002   PAD
    0x200060e0        -       0x00000014   Zero   RW         7757    .bss                bsp_can1.o
    0x200060f4   0x08008f3c   0x00000004   PAD
    0x200060f8        -       0x00000060   Zero   RW         7805    .bss                rc.o
    0x20006158        -       0x000000b4   Zero   RW         7843    .bss                vision.o
    0x2000620c   0x08008f3c   0x00000004   PAD
    0x20006210        -       0x00000400   Zero   RW         6394    STACK               startup_stm32f40_41xxx.o


==============================================================================

Image component sizes


      Code (inc. data)   RO Data    RW Data    ZI Data      Debug   Object Name

       280         24          0          4          0       2226   bmi088_int.o
      1030         20          0         44          0       7142   bmi088driver.o
       316         40          0          0          0      12656   bmi088middleware.o
       544         38          0          0         20       3516   bsp_can1.o
        48          6          0          0          0        543   button.o
       128         14          0          8          0       2094   button_task.o
       520         36          0          4        332       4962   can1_receive.o
       528         14          0          8          0       1244   can1_send.o
       780        118          0       1068        120     238483   chassis_task.o
         0          0          0          0          0     247420   croutine.o
       220         18          0          4          0       2541   delay.o
       144         14          0          0         24       1645   encoder_task.o
         0          0          0          0          0      11780   event_groups.o
       204          8          0          0          0        812   fire_pwm.o
       500         48          0         24         88       1419   fire_task.o
       752        176          0         24      20480       3995   heap_4.o
      2278        146          0         76        124       4981   ins_task.o
        64          6          0          0          0       1367   kalman.o
       600         10          0          8          0      16780   kalman_filter.o
       152         16          0          0          0        579   led.o
       148          0          0          0          0       3238   list.o
       136         10          0          4          0     270647   main.o
       180         24          0          0          0       2081   misc.o
      2380        414          0        496        804      26196   model_task.o
       196         20          0          8         10       1301   pc_task.o
      1182        396          0         12          0      10917   port.o
      2164        238          0          0         64      15885   queue.o
       708         48          0          0         96       3138   rc.o
       886         22          0          0          0     232657   rm_pid.o
       404        194          0         36          0       1779   start_task.o
        36          8        392          0       1024        828   startup_stm32f40_41xxx.o
      1710         26          0          0          0       8204   stm32f4xx_can.o
       804         86          0          0          0       7162   stm32f4xx_dma.o
       250          0          0          0          0       4135   stm32f4xx_gpio.o
        20          0          0          0          0      71381   stm32f4xx_it.o
       392         48          0         16          0       5817   stm32f4xx_rcc.o
       112          0          0          0          0       3510   stm32f4xx_spi.o
       732         58          0          0          0       8702   stm32f4xx_tim.o
       528         42          0          0          0       4562   stm32f4xx_usart.o
       340         32          0         20          0       1769   system_stm32f4xx.o
      3406        878          0         60        740      29627   tasks.o
       168          8          0          0          0        728   tim4_buzzer.o
      1310        312          0         20         40       8879   timers.o
       800         74          0         16        180       2849   vision.o

    ----------------------------------------------------------------------
     28120       3694        424       1960      24156    1292177   Object Totals
         0          0         32          0          0          0   (incl. Generated)
        40          4          0          0         10          0   (incl. Padding)

    ----------------------------------------------------------------------

      Code (inc. data)   RO Data    RW Data    ZI Data      Debug   Library Member Name

       264          0          0          0          0      17798   arm_mat_add_f32.o
         8          0          0          0          0        843   arm_mat_init_f32.o
      1328          4          0          0          0       2718   arm_mat_inverse_f32.o
       316          4          0          0          0       1627   arm_mat_mult_f32.o
       264          0          0          0          0       1482   arm_mat_sub_f32.o
       276          0          0          0          0       1516   arm_mat_trans_f32.o
       864         94         80          0          0        280   asin.o
       744        106        152          0          0        352   atan.o
       496         64          0          0          0        192   atan2.o
       104         16          0          0          0        496   dunder.o
        24          0          0          0          0        124   fabs.o
        48          0          0          0          0        124   fpclassify.o
       248          0          0          0          0        152   poly.o
         0          0          8          0          0          0   qnan.o
       232          0          0          0          0        296   sqrt_full.o
        94          0          0          0          0          0   __dclz77c.o
         0          0          0          0          0          0   entry.o
         0          0          0          0          0          0   entry10a.o
         0          0          0          0          0          0   entry11a.o
         8          4          0          0          0          0   entry2.o
         4          0          0          0          0          0   entry5.o
         0          0          0          0          0          0   entry7b.o
         0          0          0          0          0          0   entry8b.o
         8          4          0          0          0          0   entry9a.o
        12          6          0          4          0         68   errno.o
        18          0          0          0          0         80   fputc.o
        30          0          0          0          0          0   handlers.o
        36          8          0          0          0         68   init.o
         0          0          0          0          0          0   iusefp.o
         0          0          0          0          0          0   iusesemip.o
        30          0          0          0          0         68   llshl.o
        36          0          0          0          0         68   llsshr.o
        32          0          0          0          0         68   llushr.o
        36          0          0          0          0         68   memcpya.o
        36          0          0          0          0        108   memseta.o
       472         14          0          0          0        184   printf3.o
        36         10          0          4          0        136   rand.o
         0          0          0          0          0          0   semi.o
         0          0          0          4          0          0   stdout.o
        44          0          0          0          0         80   uidiv.o
        56          0          0          0          0         88   d2f.o
       334          0          0          0          0        148   dadd.o
       222          0          0          0          0        100   ddiv.o
       186          0          0          0          0        176   depilogue.o
       228          0          0          0          0         96   dmul.o
       162          0          0          0          0        100   dsqrt.o
        38          0          0          0          0         68   f2d.o
       110          0          0          0          0        168   fepilogue.o

    ----------------------------------------------------------------------
      7496        334        240         12          0      29940   Library Totals
        12          0          0          0          0          0   (incl. Padding)

    ----------------------------------------------------------------------

      Code (inc. data)   RO Data    RW Data    ZI Data      Debug   Library Name

      2456          8          0          0          0      25984   arm_cortexM4lf_math.lib
      2760        280        240          0          0       2016   m_wm.l
       932         46          0         12          0        996   mc_w.l
      1336          0          0          0          0        944   mf_w.l

    ----------------------------------------------------------------------
      7496        334        240         12          0      29940   Library Totals

    ----------------------------------------------------------------------

==============================================================================


      Code (inc. data)   RO Data    RW Data    ZI Data      Debug   

     35616       4028        664       1972      24156    1299565   Grand Totals
     35616       4028        664        388      24156    1299565   ELF Image Totals (compressed)
     35616       4028        664        388          0          0   ROM Totals

==============================================================================

    Total RO  Size (Code + RO Data)                36280 (  35.43kB)
    Total RW  Size (RW Data + ZI Data)             26128 (  25.52kB)
    Total ROM Size (Code + RO Data + RW Data)      36668 (  35.81kB)

==============================================================================

